# MO-GRPO PROBE — 2 langkah

## 1. Gerbang pra-GPU
   [32mganjaran JS<->Python[0m lulus
   [32mmatematika MO-GRPO[0m lulus
   [32mkolam bisa dimuat & dinilai[0m lulus
   [32mkolam[0m sidik baab6e20c5b2fadf cocok pra-daftar (v17-rlvr-jujur)

## 2. Sewa GPU (saldo $1.90)
   3 layak; termurah RTX 3090 $0.149/jam
   coba offer 48228539 · $0.149/jam
   [ 0.0 mnt] menunggu…
   [ 0.4 mnt] menunggu…
   [32msiap & SSH menjawab[0m

## 3. Kirim bahan
   terkirim: latih_grpo.py
   terkirim: ganjaran.py
   terkirim: ukur_latih.py
   terkirim: kolam-jujur.jsonl
   terkirim: lora-gaya.tgz
   isi arsip adapter: lora/

## 4. Pasang pustaka
   WARNING: Running pip as the 'root' user can result in broken permissions and conflicting behaviour with the system package manager. It is recommended to use a virtual environment instead: https://pip.pypa.io/warnings/venv

## 5. Latih
   [ 2.0 mnt] # GRPO PROBE — 2 langkah, 4 generasi/prompt
   [ 2.0 mnt]    kolam 16 prompt · {'di-luar': 4, 'fakta': 4, 'premis-salah': 4, 'tidak-ada': 4}
   [ 2.0 mnt] 
   [ 2.0 mnt] Fetching 3 files:   0%|          | 0/3 [00:00<?, ?it/s]
   [ 6.2 mnt] DynamicCache + torch.export is tested on torch 2.6.0+ and may not work on earlier versions.
   [ 6.2 mnt] /opt/conda/lib/python3.11/site-packages/torch/utils/checkpoint.py:1399: FutureWarning: `torch.cpu.amp.autocast(args...)` is deprecated. Please use `torch.amp.autocast('cpu', args...)` instead.
   [ 6.2 mnt]   with device_autocast_ctx, torch.cpu.amp.autocast(**cpu_autocast_kwargs), recompute_context:  # type: ignore[attr-defined]
   [ 6.8 mnt]    adapter tersimpan: adapter-grpo
   [ 6.8 mnt]    ganjaran mentah rata-rata (128 rollout): {'perilaku': 0.0, 'format': 1.0, 'jujur': 0.53125, 'isi': 1.0, 'takUlang': 0.9876625781250001}
   [ 6.8 mnt] SELESAI 5.4 mnt
   [32mselesai[0m

## 6. Ambil
   terambil: lora-tool-grpo-jujur-probe.tgz
   terambil: ringkasan-tool-grpo-jujur-probe.json
   terambil: grpo-jujur-probe.log

   langkah 2 · 5.4 mnt · rollout 128
   ganjaran mentah rata-rata: {'perilaku': 0.0, 'format': 1.0, 'jujur': 0.53125, 'isi': 1.0, 'takUlang': 0.9876625781250001}

## 7. Matikan instance
   instance 49435323 dimatikan
   hidup 8 menit · saldo sekarang $1.86
