# MO-GRPO PROBE — 2 langkah

## 1. Gerbang pra-GPU
   [32mganjaran JS<->Python[0m lulus
   [32mmatematika MO-GRPO[0m lulus
   [32mkolam[0m sidik baab6e20c5b2fadf cocok pra-daftar (v17-rlvr-jujur)

## 2. Sewa GPU (saldo $1.95)
   3 layak; termurah RTX 3090 $0.148/jam
   coba offer 46640020 · $0.148/jam
   [ 0.0 mnt] menunggu…
   [ 0.4 mnt] menunggu…
   [ 0.7 mnt] menunggu…
   [ 1.1 mnt] menunggu…
   [ 1.5 mnt] menunggu…
   [ 1.8 mnt] menunggu…
   [ 2.2 mnt] menunggu…
   [ 2.5 mnt] menunggu…
   [ 2.9 mnt] menunggu…
   [ 3.2 mnt] menunggu…
   [ 3.6 mnt] menunggu…
   [32msiap & SSH menjawab[0m

## 3. Kirim bahan
   terkirim: latih_grpo.py
   terkirim: ganjaran.py
   terkirim: ukur_latih.py
   terkirim: kolam-jujur.jsonl
   terkirim: lora-gaya.tgz
   isi arsip adapter: 

## 4. Pasang pustaka
   WARNING: Running pip as the 'root' user can result in broken permissions and conflicting behaviour with the system package manager. It is recommended to use a virtual environment instead: https://pip.pypa.io/warnings/venv

## 5. Latih
   [ 2.4 mnt]     per.setdefault(b["k"], []).append(b)
   [ 2.4 mnt]                    ~^^^^^
   [ 2.4 mnt] KeyError: 'k'

[31mBERHENTI[0m — diam 12 menit — dianggap macet.

## 7. Matikan instance
   instance 49419905 dimatikan
   hidup 15 menit · saldo sekarang $1.91
