# MO-GRPO penuh — 60 langkah

## 1. Gerbang pra-GPU
   [32mganjaran JS<->Python[0m lulus
   [32mmatematika MO-GRPO[0m lulus
   [32mkolam bisa dimuat & dinilai[0m lulus
   [32mkolam[0m sidik baab6e20c5b2fadf cocok pra-daftar (v17-rlvr-jujur)

## 2. Sewa GPU (saldo $1.62)
   3 layak; termurah RTX 4080S $0.195/jam
   coba offer 32576967 · $0.195/jam
   [ 0.0 mnt] menunggu…
   [ 0.4 mnt] menunggu…
   [ 0.8 mnt] menunggu…
   [32msiap & SSH menjawab[0m

## 2b. Kartu yang BENAR-BENAR didapat: NVIDIA GeForce RTX 4080 SUPER, 32760 MiB
   [32mVRAM 32.0 GiB[0m — cukup

## 3. Kirim bahan
   terkirim: latih_grpo.py
   terkirim: ganjaran.py
   terkirim: ukur_latih.py
   terkirim: kolam-jujur.jsonl
   terkirim: lora-gaya.tgz
   isi arsip adapter: lora/

## 4. Pasang pustaka
   WARNING: Running pip as the 'root' user can result in broken permissions and conflicting behaviour with the system package manager. It is recommended to use a virtual environment instead: https://pip.pypa.io/warnings/venv

## 5. Latih
   [ 6.0 mnt] # GRPO penuh — 60 langkah, 8 generasi/prompt
   [ 6.0 mnt]    kolam 36 prompt · {'di-luar': 6, 'fakta': 12, 'premis-salah': 8, 'tidak-ada': 10}
   [ 6.7 mnt] Fetching 3 files:   0%|          | 0/3 [00:00<?, ?it/s]
   [ 9.5 mnt] Fetching 3 files:  33%|███▎      | 1/3 [02:49<05:38, 169.05s/it]
   [11.5 mnt] Fetching 3 files:  67%|██████▋   | 2/3 [04:59<02:26, 146.43s/it]
   [11.5 mnt] Fetching 3 files: 100%|██████████| 3/3 [04:59<00:00, 99.88s/it] 
   [11.5 mnt] Loading checkpoint shards:   0%|          | 0/3 [00:00<?, ?it/s]
   [11.5 mnt] Loading checkpoint shards:  33%|███▎      | 1/3 [00:00<00:01,  1.13it/s]
   [11.5 mnt] Loading checkpoint shards:  67%|██████▋   | 2/3 [00:01<00:00,  1.32it/s]
   [11.5 mnt] Loading checkpoint shards: 100%|██████████| 3/3 [00:01<00:00,  1.91it/s]
   [11.5 mnt] trainable params: 33,030,144 || all params: 4,055,498,240 || trainable%: 0.8145
   [11.5 mnt] No label_names provided for model class `PeftModelForCausalLM`. Since `PeftModel` hides base models input arguments, if label_names is not given, label_names can't be set automatically within `Trainer`. Note that empty label_names list will be used instead.
   [11.5 mnt]   0%|          | 0/60 [00:00<?, ?it/s]`generation_config` default values have been modified to match model-specific defaults: {'top_k': 20, 'top_p': 0.8, 'bos_token_id': 151643, 'eos_token_id': [151645, 151643]}. If this is not desired, please set these values explicitly.
   [11.5 mnt] `use_cache=True` is incompatible with gradient checkpointing. Setting `use_cache=False`.
   [11.5 mnt] DynamicCache + torch.export is tested on torch 2.6.0+ and may not work on earlier versions.
   [12.2 mnt] /opt/conda/lib/python3.11/site-packages/torch/utils/checkpoint.py:1399: FutureWarning: `torch.cpu.amp.autocast(args...)` is deprecated. Please use `torch.amp.autocast('cpu', args...)` instead.
   [12.2 mnt]   with device_autocast_ctx, torch.cpu.amp.autocast(**cpu_autocast_kwargs), recompute_context:  # type: ignore[attr-defined]

[31mBERHENTI[0m — diam 12 menit — dianggap macet.

## 7. Matikan instance
   instance 49442008 dimatikan
   hidup 25 menit · saldo sekarang $1.49
