# MO-GRPO penuh — 60 langkah

## 1. Gerbang pra-GPU
   [32mganjaran JS<->Python[0m lulus
   [32mmatematika MO-GRPO[0m lulus
   [32mkolam bisa dimuat & dinilai[0m lulus
   [32mkolam[0m sidik baab6e20c5b2fadf cocok pra-daftar (v17-rlvr-jujur)

## 2. Sewa GPU (saldo $1.71)
   3 layak; termurah RTX 3090 $0.129/jam
   coba offer 49136688 · $0.129/jam
   [ 0.0 mnt] menunggu…
   [ 0.4 mnt] menunggu…
   [ 0.7 mnt] menunggu…
   [ 1.1 mnt] menunggu…
   [ 1.5 mnt] menunggu…
   [ 1.8 mnt] menunggu…
   [ 2.2 mnt] menunggu…
   [ 2.5 mnt] menunggu…
   [ 2.9 mnt] menunggu…
   [ 3.2 mnt] menunggu…
   [ 3.6 mnt] menunggu…
   [ 4.0 mnt] menunggu…
   [ 4.4 mnt] menunggu…
   [ 4.8 mnt] menunggu…
   [ 5.3 mnt] menunggu…
   [ 5.7 mnt] menunggu…
   [ 6.1 mnt] menunggu…
   [ 6.5 mnt] menunggu…
   [ 6.9 mnt] menunggu…
   [33mtidak siap — matikan & pindah host[0m
   coba offer 46014872 · $0.175/jam
   [ 0.0 mnt] menunggu…
   [ 0.4 mnt] menunggu…
   [ 0.7 mnt] menunggu…
   [ 1.1 mnt] menunggu…
   [32msiap & SSH menjawab[0m

## 3. Kirim bahan
   terkirim: latih_grpo.py
   terkirim: ganjaran.py
   terkirim: ukur_latih.py
   terkirim: kolam-jujur.jsonl
   terkirim: lora-gaya.tgz
   isi arsip adapter: lora/

## 4. Pasang pustaka
   WARNING: Running pip as the 'root' user can result in broken permissions and conflicting behaviour with the system package manager. It is recommended to use a virtual environment instead: https://pip.pypa.io/warnings/venv

## 5. Latih
   [ 1.4 mnt] # GRPO penuh — 60 langkah, 8 generasi/prompt
   [ 1.4 mnt]    kolam 36 prompt · {'di-luar': 6, 'fakta': 12, 'premis-salah': 8, 'tidak-ada': 10}
   [ 2.0 mnt] # GRPO penuh — 60 langkah, 8 generasi/prompt
   [ 2.0 mnt]    kolam 36 prompt · {'di-luar': 6, 'fakta': 12, 'premis-salah': 8, 'tidak-ada': 10}
   [ 2.0 mnt] 
   [ 2.0 mnt] Fetching 3 files:   0%|          | 0/3 [00:00<?, ?it/s]
   [ 2.6 mnt]            ^^^^^^^^^^^^^^
   [ 2.6 mnt] torch.OutOfMemoryError: CUDA out of memory. Tried to allocate 4.67 GiB. GPU 0 has a total capacity of 23.55 GiB of which 3.71 GiB is free. Including non-PyTorch memory, this process has 19.82 GiB memory in use. Of the allocated memory 19.44 GiB is allocated by PyTorch, and 66.71 MiB is reserved by PyTorch but unallocated. If reserved but unallocated memory is large try setting PYTORCH_CUDA_ALLOC_CONF=expandable_segments:True to avoid fragmentation.  See documentation for Memory Management  (https://pytorch.org/docs/stable/notes/cuda.html#environment-variables)
   [ 2.6 mnt] 
   [ 2.6 mnt]   0%|          | 0/60 [00:09<?, ?it/s]

[31mBERHENTI[0m — diam 12 menit — dianggap macet.

## 7. Matikan instance
   instance 49440203 dimatikan
   hidup 15 menit · saldo sekarang $1.62
