# MO-GRPO penuh — 4 langkah

## 1. Gerbang pra-GPU
   [32mganjaran JS<->Python[0m lulus
   [32mmatematika MO-GRPO[0m lulus
   [32mkolam bisa dimuat & dinilai[0m lulus
   [32mkolam[0m sidik baab6e20c5b2fadf cocok pra-daftar (v17-rlvr-jujur)

## 2. Sewa GPU (saldo $0.67)
   3 layak; termurah RTX 4080S $0.195/jam
   coba offer 33650203 · $0.195/jam
   [ 0.0 mnt] menunggu…
   [ 0.4 mnt] menunggu…
   [ 0.7 mnt] menunggu…
   [ 1.1 mnt] menunggu…
   [ 1.5 mnt] menunggu…
   [ 1.8 mnt] menunggu…
   [ 2.2 mnt] menunggu…
   [ 2.5 mnt] menunggu…
   [ 2.9 mnt] menunggu…
   [ 3.2 mnt] menunggu…
   [ 3.6 mnt] menunggu…
   [ 4.0 mnt] menunggu…
   [ 4.3 mnt] menunggu…
   [ 4.7 mnt] menunggu…
   [ 5.0 mnt] menunggu…
   [ 5.4 mnt] menunggu…
   [ 5.7 mnt] menunggu…
   [ 6.1 mnt] menunggu…
   [ 6.4 mnt] menunggu…
   [ 6.8 mnt] menunggu…
   [33mtidak siap — matikan & pindah host[0m
   coba offer 32576967 · $0.195/jam
   [ 0.0 mnt] menunggu…
   [ 0.4 mnt] menunggu…
   [ 0.7 mnt] menunggu…
   [ 1.1 mnt] menunggu…
   [ 1.5 mnt] menunggu…
   [ 1.8 mnt] menunggu…
   [ 2.2 mnt] menunggu…
   [ 2.5 mnt] menunggu…
   [ 2.9 mnt] menunggu…
   [ 3.2 mnt] menunggu…
   [ 3.6 mnt] menunggu…
   [ 3.9 mnt] menunggu…
   [ 4.3 mnt] menunggu…
   [ 4.7 mnt] menunggu…
   [ 5.0 mnt] menunggu…
   [ 5.4 mnt] menunggu…
   [ 5.7 mnt] menunggu…
   [ 6.1 mnt] menunggu…
   [ 6.4 mnt] menunggu…
   [ 6.8 mnt] menunggu…
   [33mtidak siap — matikan & pindah host[0m
   coba offer 40819310 · $0.195/jam
   [ 0.0 mnt] menunggu…
   [ 0.4 mnt] menunggu…
   [ 0.7 mnt] menunggu…
   [ 1.1 mnt] menunggu…
   [ 1.5 mnt] menunggu…
   [ 1.8 mnt] menunggu…
   [ 2.2 mnt] menunggu…
   [ 2.5 mnt] menunggu…
   [ 2.9 mnt] menunggu…
   [ 3.2 mnt] menunggu…
   [ 3.6 mnt] menunggu…
   [ 3.9 mnt] menunggu…
   [ 4.3 mnt] menunggu…
   [ 4.7 mnt] menunggu…
   [ 5.0 mnt] menunggu…
   [ 5.4 mnt] menunggu…
   [ 5.7 mnt] menunggu…
   [ 6.1 mnt] menunggu…
   [ 6.5 mnt] menunggu…
   [ 6.8 mnt] menunggu…
   [33mtidak siap — matikan & pindah host[0m

[31mBERHENTI[0m — tidak ada host yang siap; semua sudah dimatikan.
