# Latih adapter v13-hitung-promptragam

## 1. Segel pra-daftar
   hitung-promptragam · sidik 8009c9553fbb1261 [32mcocok pra-daftar[0m

## 1b. Kontrak masukan (manifest)
     [33mcatatan[0m git: 3 berkas belum di-commit — run tetap sah, tapi commit DULU supaya sidik skrip bisa dilacak ke commit
   
     sidik: data=8009c9553fbb1261 · soal=8a68b69a16c583a5 · kenari=87e91feb4fed4bc9 · resep=aa2d55baaca14ae1 · skrip=00f2593b636ccd58 · ukur=a7b568d9dd5462db · promptGerbang=04b8df92cb204dca · tahan=b2a25c6e323a3f9a
     manifest: flywheel\dataset\v13\MANIFEST-hitung-promptragam.json
   
   [32mSIAP[0m — semua syarat wajib terpenuhi (3 catatan). [2mberikutnya: migan latih hitung-promptragam[0m

## 2. Kredensial & host
   saldo: $1.66
   8 layak; termurah RTX 3090 Ti $0.189/jam

   percobaan 1/3 — RTX 3090 Ti $0.189/jam (id 47263667)
   instance 48481862 disewa
   [ 0.0 mnt] ?
   [ 0.4 mnt] loading
   [ 3.6 mnt] running
   [32msiap & SSH menjawab[0m

## 3. Kirim bahan
   terkirim: cluster.jsonl
   terkirim: latih_cluster.py
   terkirim: ukur_latih.py
   terkirim: soal-aritmetika-bersih.json
   terkirim: kenari.json
   terkirim: resep.json
   terkirim: prompt-gerbang.json
   terkirim: tahan.jsonl
   [32mterbukti utuh[0m: 285 baris

## 4. Latih + gerbang tingkat-1
   [32mproses hidup[0m
   [ 1 mnt] == [1/7] pustaka ==
   [ 2 mnt] Fetching 3 files:   0%|          | 0/3 [00:00<?, ?it/s]
   [ 3 mnt]   with torch.enable_grad(), device_autocast_ctx, torch.cpu.amp.autocast(**ctx.cpu_autocast_kwargs):  # ty
   [ 3 mnt]  47%|?????     | 17/36 [00:49<00:53,  2.83s/it]
   [ 4 mnt]  94%|??????????| 34/36 [01:38<00:05,  2.80s/it]
   [ 5 mnt]   warnings.warn(
   [ 6 mnt]    arit-dengan: 10/10 ? ton 4/4 ? rata 2/2 ? terpotong 0
   [ 7 mnt]    arit-tanpa: 10/10 ? ton 4/4 ? rata 2/2 ? terpotong 0
   [ 8 mnt]    arit-latih: 10/10 ? ton 4/4 ? rata 2/2 ? terpotong 0
   [ 9 mnt] SELESAI dalam 7.9 menit

## 5. Ambil (adapter DULU)
   terambil: lora-hitung-promptragam.tgz
   terambil: ringkasan-hitung-promptragam.json

   loss 0.4946 · arit dengan 10/10 tanpa 10/10 · kenari 0/12 · terpotong data 0
   petak tahan: base 3.6662 -> adapter 2.4484 (delta -1.2178)

## 5b. Kontrak keluaran
   # Kontrak keluaran — hitung-promptragam (v13)
   
     [33mcatatan[0m petak tahan: loss base 3.666214942932129 -> adapter 2.4484310150146484 (delta -1.2178)
   
   [32mSAHIH[0m — sidik masukan cocok manifest; sanad run ini bersambung otomatis.

## 6. Matikan instance
   [32minstance 48481862 dimatikan[0m
   hidup 11 menit · perkiraan $0.03

[32mSELESAI hitung-promptragam[0m - ringkasan: models/v13/ringkasan-hitung-promptragam.json
