# Merge TIES migancore-uji-jujur1 <- ['hitung-promptragam', 'gaya-jujur1'] (grid [[1,1]]) + gerbang 3 lengan + GGUF

   2 adapter siap (240 MB total)
   saldo: $2.41
   6 layak; termurah RTX 3090 $0.188/jam

   percobaan 1/3 — RTX 3090 $0.188/jam (id 47272935)
   instance 49337641 disewa
   [32msiap & SSH menjawab[0m

## Kirim bahan
   terkirim: kemas_merge14.py
   terkirim: soal-aritmetika-bersih.json
   terkirim: kenari.json
   terkirim: lora-hitung-promptragam.tgz
   terkirim: lora-gaya-jujur1.tgz

## Merge + gerbang + GGUF
   [32mproses hidup[0m
   [ 3 mnt] Unpacking pinentry-curses (1.1.1-1build2) ...
   [ 4 mnt] Fetching 3 files:   0%|          | 0/3 [00:00<?, ?it/s]   ...detak 1 mnt (proses hidup)
   [ 5 mnt]    ...detak 2 mnt (proses hidup)
   [ 6 mnt]   warnings.warn(
   [ 7 mnt]    ...detak 3 mnt (proses hidup)
   [ 7 mnt]    ...detak 4 mnt (proses hidup)
   [ 8 mnt]   warnings.warn(
   [32 mnt] SELESAI dalam 18.0 menit

## Ambil (ringkasan DULU — vonis lebih berharga dari kemasan)
   terambil: ringkasan-migancore-uji-jujur1.json
   terambil: migancore-uji-jujur1-q4_k_m.gguf
   artefak migancore-uji-jujur1-ties-1.0/1.0-d0.5 · arit dengan 10/10 tanpa 10/10 latih 9/10 · tolak 9/10 · kenari 0/12 · cium True · gguf True

## Matikan instance
   [32minstance 49337641 dimatikan[0m
   hidup 51 menit · perkiraan $0.16

[32mSELESAI migancore-uji-jujur1[0m - models/v14/ringkasan-migancore-uji-jujur1.json + migancore-uji-jujur1-q4_k_m.gguf
