# Merge TIES migancore-14k <- ['hitung-promptragam', 'gaya'] (grid [[1,1],[1,1.3]]) + gerbang 3 lengan + GGUF

   2 adapter siap (240 MB total)
   saldo: $1.53
   8 layak; termurah RTX 3090 $0.129/jam

   percobaan 1/3 — RTX 3090 $0.129/jam (id 48311802)
   instance 48485192 disewa
   [32msiap & SSH menjawab[0m

## Kirim bahan
   terkirim: kemas_merge14.py
   terkirim: soal-aritmetika-bersih.json
   terkirim: kenari.json
   terkirim: lora-hitung-promptragam.tgz
   terkirim: lora-gaya.tgz

## Merge + gerbang + GGUF
   [32mproses hidup[0m
   [ 3 mnt] Processing triggers for libc-bin (2.35-0ubuntu3.8) ...
   [ 4 mnt] == [3/6] muat base + TIES merge ==
   [ 5 mnt] Fetching 3 files:   0%|          | 0/3 [00:00<?, ?it/s]

## Matikan instance
   [32minstance 48485192 dimatikan[0m
   hidup 10 menit · perkiraan $0.02
Traceback (most recent call last):
  File "./flywheel\vast\luncurkan_merge14.py", line 214, in <module>
    raise RuntimeError(f"MACET ({diam:.0f} mnt).\n" + (penuh.stdout or "")[-900:])
RuntimeError: MACET (4 mnt).
 ...
Setting up gcc-11 (11.4.0-1ubuntu1~22.04.3) ...
Setting up g++-11 (11.4.0-1ubuntu1~22.04.3) ...
Setting up gcc (4:11.2.0-1ubuntu1) ...
Setting up g++ (4:11.2.0-1ubuntu1) ...
update-alternatives: using /usr/bin/g++ to provide /usr/bin/c++ (c++) in auto mode
update-alternatives: warning: skip creation of /usr/share/man/man1/c++.1.gz because associated file /usr/share/man/man1/g++.1.gz (of link group c++) doesn't exist
Setting up build-essential (12.9ubuntu3) ...
Processing triggers for libc-bin (2.35-0ubuntu3.8) ...
WARNING: Running pip as the 'root' user can result in broken permissions and conflicting behaviour with the system package manager. It is recommended to use a virtual environment instead: https://pip.pypa.io/warnings/venv
== [2/6] bongkar 2 adapter: ['hitung-promptragam', 'gaya'] ==
== [3/6] muat base + TIES merge ==

Fetching 3 files:   0%|          | 0/3 [00:00<?, ?it/s]
