# Latih adapter v13-hitung

## 1. Segel pra-daftar
   hitung · sidik 500de80a5a2cd162 [32mcocok pra-daftar[0m

## 1b. Kontrak masukan (manifest)
     [33mcatatan[0m git: 26 berkas belum di-commit — run tetap sah, tapi commit DULU supaya sidik skrip bisa dilacak ke commit
   
     sidik: data=500de80a5a2cd162 · soal=8a68b69a16c583a5 · kenari=87e91feb4fed4bc9 · resep=5f4a3569fc30ab3d · skrip=00f2593b636ccd58 · ukur=a7b568d9dd5462db · promptGerbang=04b8df92cb204dca · tahan=b2a25c6e323a3f9a
     manifest: flywheel\dataset\v13\MANIFEST-hitung-wd0.01.json
   
   [32mSIAP[0m — semua syarat wajib terpenuhi (3 catatan). [2mberikutnya: migan latih hitung[0m

## 2. Kredensial & host
   saldo: $1.97
   6 layak; termurah RTX 3090 $0.135/jam

   percobaan 1/3 — RTX 3090 $0.135/jam (id 31183840)
   instance 48468446 disewa
   [ 0.0 mnt] ?
   [ 0.4 mnt] loading
   [ 3.7 mnt] running
   [32msiap & SSH menjawab[0m

## 3. Kirim bahan
   terkirim: cluster.jsonl
   terkirim: latih_cluster.py
   terkirim: ukur_latih.py
   terkirim: soal-aritmetika-bersih.json
   terkirim: kenari.json
   terkirim: resep.json
   terkirim: prompt-gerbang.json
   terkirim: tahan.jsonl
   [32mterbukti utuh[0m: 285 baris

## 4. Latih + gerbang tingkat-1
   [32mproses hidup[0m
   [ 1 mnt] == [1/7] pustaka ==
   [ 2 mnt] Fetching 3 files:   0%|          | 0/3 [00:00<?, ?it/s]
   [ 3 mnt]  32%|????      | 7/22 [00:01<00:03,  4.60it/s]
   [ 3 mnt]  36%|????      | 13/36 [00:42<01:15,  3.27s/it]
   [ 4 mnt]  78%|????????  | 28/36 [01:28<00:25,  3.17s/it]
   [ 5 mnt]   warnings.warn(
   [ 6 mnt]    arit-dengan: 10/10 ? ton 4/4 ? rata 2/2 ? terpotong 0
   [ 7 mnt]    arit-tanpa: 8/10 ? ton 4/4 ? rata 2/2 ? terpotong 0
   [ 8 mnt]    arit-latih: 8/10 ? ton 4/4 ? rata 0/2 ? terpotong 0
   [ 9 mnt] SELESAI dalam 7.9 menit

## 5. Ambil (adapter DULU)
   terambil: lora-hitung-wd0.01.tgz
   terambil: ringkasan-hitung-wd0.01.json

   loss 0.4613 · arit dengan 10/10 tanpa 8/10 · kenari 0/12 · terpotong data 0
   petak tahan: base 3.6653 -> adapter 2.4608 (delta -1.2045)

## 5b. Kontrak keluaran
   # Kontrak keluaran — hitung-wd0.01 (v13)
   
     [33mcatatan[0m kepekaan pemicu: arit-dengan 10 vs arit-latih 8 (turun 2) — ada naskah bersyarat prompt latih; baca rinci arit-latih
     [33mcatatan[0m petak tahan: loss base 3.665302276611328 -> adapter 2.460767984390259 (delta -1.2045)
   
   [32mSAHIH[0m — sidik masukan cocok manifest; sanad run ini bersambung otomatis.

## 6. Matikan instance
   [32minstance 48468446 dimatikan[0m
   hidup 10 menit · perkiraan $0.02

[32mSELESAI hitung[0m - ringkasan: models/v13/ringkasan-hitung-wd0.01.json
