# MO-GRPO penuh — 20 langkah

## 1. Gerbang pra-GPU
   [32mganjaran JS<->Python[0m lulus
   [32mmatematika MO-GRPO[0m lulus
   [32mkolam bisa dimuat & dinilai[0m lulus
   [32mkolam[0m sidik baab6e20c5b2fadf cocok pra-daftar (v17-rlvr-jujur)

## 2. Sewa GPU (saldo $0.66)
   5 layak; termurah RTX 4080S $0.195/jam
   coba offer 33650203 · $0.195/jam
   [ 0.0 mnt] menunggu…
   [ 0.4 mnt] menunggu…
   [ 0.7 mnt] menunggu…
   [ 1.1 mnt] menunggu…
   [ 1.4 mnt] menunggu…
   [ 1.8 mnt] menunggu…
   [ 2.2 mnt] menunggu…
   [ 2.5 mnt] menunggu…
   [ 2.9 mnt] menunggu…
   [ 3.2 mnt] menunggu…
   [ 3.6 mnt] menunggu…
   [ 3.9 mnt] menunggu…
   [ 4.3 mnt] menunggu…
   [ 4.6 mnt] menunggu…
   [ 5.0 mnt] menunggu…
   [ 5.4 mnt] menunggu…
   [ 5.7 mnt] menunggu…
   [ 6.1 mnt] menunggu…
   [ 6.4 mnt] menunggu…
   [ 6.8 mnt] menunggu…
   [33mtidak siap — matikan & pindah host[0m
   coba offer 32576982 · $0.195/jam
   [ 0.0 mnt] menunggu…
   [ 0.4 mnt] menunggu…
   [ 0.7 mnt] menunggu…
   [ 1.1 mnt] menunggu…
   [ 1.4 mnt] menunggu…
   [ 1.8 mnt] menunggu…
   [ 2.2 mnt] menunggu…
   [ 2.5 mnt] menunggu…
   [ 2.9 mnt] menunggu…
   [ 3.2 mnt] menunggu…
   [ 3.6 mnt] menunggu…
   [ 4.0 mnt] menunggu…
   [ 4.3 mnt] menunggu…
   [ 4.7 mnt] menunggu…
   [ 5.0 mnt] menunggu…
   [ 5.4 mnt] menunggu…
   [ 5.7 mnt] menunggu…
   [ 6.1 mnt] menunggu…
   [ 6.4 mnt] menunggu…
   [ 6.8 mnt] menunggu…
   [33mtidak siap — matikan & pindah host[0m
   coba offer 40819315 · $0.195/jam
   [ 0.0 mnt] menunggu…
   [ 0.4 mnt] menunggu…
   [ 0.7 mnt] menunggu…
   [ 1.1 mnt] menunggu…
   [ 1.4 mnt] menunggu…
   [ 1.8 mnt] menunggu…
   [ 2.2 mnt] menunggu…
   [ 2.5 mnt] menunggu…
   [ 2.9 mnt] menunggu…
   [ 3.2 mnt] menunggu…
   [ 3.6 mnt] menunggu…
   [ 3.9 mnt] menunggu…
   [ 4.3 mnt] menunggu…
   [ 4.7 mnt] menunggu…
   [ 5.0 mnt] menunggu…
   [ 5.4 mnt] menunggu…
   [ 5.7 mnt] menunggu…
   [ 6.1 mnt] menunggu…
   [ 6.4 mnt] menunggu…
   [ 6.8 mnt] menunggu…
   [33mtidak siap — matikan & pindah host[0m
   coba offer 46468359 · $0.195/jam
   [ 0.0 mnt] menunggu…
   [ 0.4 mnt] menunggu…
   [ 0.7 mnt] menunggu…
   [ 1.1 mnt] menunggu…
   [ 1.5 mnt] menunggu…
   [ 1.8 mnt] menunggu…
   [ 2.2 mnt] menunggu…
   [ 2.5 mnt] menunggu…
   [ 2.9 mnt] menunggu…
   [ 3.2 mnt] menunggu…
   [ 3.6 mnt] menunggu…
   [ 4.0 mnt] menunggu…
   [ 4.3 mnt] menunggu…
   [ 4.7 mnt] menunggu…
   [ 5.0 mnt] menunggu…
   [ 5.4 mnt] menunggu…
   [ 5.7 mnt] menunggu…
   [ 6.1 mnt] menunggu…
   [ 6.5 mnt] menunggu…
   [ 6.8 mnt] menunggu…
   [33mtidak siap — matikan & pindah host[0m
   coba offer 49416646 · $0.295/jam
   [ 0.0 mnt] menunggu…
   [ 0.4 mnt] menunggu…
   [ 0.7 mnt] menunggu…
   [ 1.1 mnt] menunggu…
   [ 1.4 mnt] menunggu…
   [ 1.8 mnt] menunggu…
   [ 2.2 mnt] menunggu…
   [ 2.5 mnt] menunggu…
   [32msiap & SSH menjawab[0m

## 2b. Kartu yang BENAR-BENAR didapat: NVIDIA GeForce RTX 4080 SUPER, 32760 MiB
   [32mVRAM 32.0 GiB[0m — cukup

## 3. Kirim bahan
   terkirim: latih_grpo.py
   terkirim: ganjaran.py
   terkirim: ukur_latih.py
   terkirim: kolam-jujur.jsonl
   terkirim: lora-gaya.tgz
   isi arsip adapter: lora/

## 4. Pasang pustaka
   WARNING: Running pip as the 'root' user can result in broken permissions and conflicting behaviour with the system package manager. It is recommended to use a virtual environment instead: https://pip.pypa.io/warnings/venv
   [32mpustaka terimpor[0m: trl 0.14.0 tf 4.51.3 peft 0.14.0

## 5. Latih
   [ 2.5 mnt] # GRPO penuh — 20 langkah, 8 generasi/prompt
   [ 2.5 mnt]    kolam 36 prompt · {'di-luar': 6, 'fakta': 12, 'premis-salah': 8, 'tidak-ada': 10}
   [ 2.5 mnt] Fetching 3 files:   0%|          | 0/3 [00:00<?, ?it/s]
   [ 2.5 mnt] Fetching 3 files:  33%|███▎      | 1/3 [00:35<01:11, 35.54s/it]
   [ 2.5 mnt] Fetching 3 files:  67%|██████▋   | 2/3 [00:36<00:15, 15.24s/it]
   [ 2.5 mnt] Fetching 3 files: 100%|██████████| 3/3 [00:36<00:00, 12.19s/it]
   [ 2.5 mnt] Loading checkpoint shards:   0%|          | 0/3 [00:00<?, ?it/s]
   [ 2.5 mnt] Loading checkpoint shards:  33%|███▎      | 1/3 [00:00<00:01,  1.09it/s]
   [ 3.1 mnt] Loading checkpoint shards:  67%|██████▋   | 2/3 [00:01<00:00,  1.30it/s]
   [ 3.1 mnt] Loading checkpoint shards: 100%|██████████| 3/3 [00:01<00:00,  1.88it/s]
   [ 3.1 mnt] trainable params: 33,030,144 || all params: 4,055,498,240 || trainable%: 0.8145
   [ 3.1 mnt]    [diag] param terlatih 33,030,144 · |w| jumlah 136237.778658 · maks 2.186216e-02
   [ 3.1 mnt]    [diag] dtype param terlatih: {'torch.float32'}
   [ 3.1 mnt] No label_names provided for model class `PeftModelForCausalLM`. Since `PeftModel` hides base models input arguments, if label_names is not given, label_names can't be set automatically within `Trainer`. Note that empty label_names list will be used instead.
   [ 3.1 mnt]    [diag] batch per epoch = 5 · akumulasi diminta = 16
   [ 3.1 mnt]    [diag] AKUMULASI 16 > batch 5 — siklus tidak akan pernah tertutup. Diturunkan ke 5.
   [ 3.1 mnt] No label_names provided for model class `PeftModelForCausalLM`. Since `PeftModel` hides base models input arguments, if label_names is not given, label_names can't be set automatically within `Trainer`. Note that empty label_names list will be used instead.
   [ 3.1 mnt]    [diag] hook TrainerCallback tersedia: on_epoch_begin, on_epoch_end, on_evaluate, on_init_end, on_log, on_optimizer_step, on_pre_optimizer_step, on_predict, on_prediction_step, on_save, on_step_begin, on_step_end, on_substep_end, on_train_begin, on_train_end
   [ 3.1 mnt]   0%|          | 0/20 [00:00<?, ?it/s]`generation_config` default values have been modified to match model-specific defaults: {'top_k': 20, 'top_p': 0.8, 'bos_token_id': 151643, 'eos_token_id': [151645, 151643]}. If this is not desired, please set these values explicitly.
   [ 3.1 mnt] `use_cache=True` is incompatible with gradient checkpointing. Setting `use_cache=False`.
   [ 3.1 mnt] DynamicCache + torch.export is tested on torch 2.6.0+ and may not work on earlier versions.
   [ 3.1 mnt] /opt/conda/lib/python3.11/site-packages/torch/utils/checkpoint.py:1399: FutureWarning: `torch.cpu.amp.autocast(args...)` is deprecated. Please use `torch.amp.autocast('cpu', args...)` instead.
   [ 3.1 mnt]   with device_autocast_ctx, torch.cpu.amp.autocast(**cpu_autocast_kwargs), recompute_context:  # type: ignore[attr-defined]
   [ 3.7 mnt] (sunyi, tapi GPU 33% · 27674 MiB — masih bekerja)
   [ 4.3 mnt] (sunyi, tapi GPU 100% · 30458 MiB — masih bekerja)
   [ 5.0 mnt]   5%|▌         | 1/20 [01:51<35:19, 111.58s/it]   [diag] langkah 1: norma grad nan · param bergradien 0/504 · epoch 1.0
   [ 5.0 mnt] {'loss': -0.0, 'grad_norm': 0.13141463696956635, 'learning_rate': 5e-06, 'completion_length': 84.15, 'rewards/ganjaran_perilaku': 0.0, 'rewards/ganjaran_format': 0.0, 'rewards/ganjaran_jujur': -0.1154700517654419, 'rewards/ganjaran_isi': 0.0, 'rewards/ganjaran_takUlang': 0.02781568169593811, 'reward': -0.08765437006950379, 'reward_std': 1.1672122716903686, 'kl': 0.0, 'epoch': 1.0}
   [ 5.0 mnt]   5%|▌         | 1/20 [01:51<35:19, 111.58s/it]
   [ 5.6 mnt] (sunyi, tapi GPU 44% · 30686 MiB — masih bekerja)
   [ 6.2 mnt]  10%|█         | 2/20 [03:36<32:12, 107.38s/it]   [diag] langkah 2: norma grad nan · param bergradien 0/504 · epoch 2.0
   [ 6.2 mnt] {'loss': 0.0, 'grad_norm': 0.13932310044765472, 'learning_rate': 4.75e-06, 'completion_length': 56.65, 'rewards/ganjaran_perilaku': 0.0, 'rewards/ganjaran_format': 0.0, 'rewards/ganjaran_jujur': -0.1154700517654419, 'rewards/ganjaran_isi': 0.0, 'rewards/ganjaran_takUlang': 0.045368540287017825, 'reward': -0.07010151743888855, 'reward_std': 0.20324437618255614, 'kl': 0.00048293736181221903, 'epoch': 2.0}
   [ 6.2 mnt]  10%|█         | 2/20 [03:36<32:12, 107.38s/it]
   [ 6.9 mnt] (sunyi, tapi GPU 100% · 30746 MiB — masih bekerja)
   [ 7.5 mnt] (sunyi, tapi GPU 100% · 30746 MiB — masih bekerja)
   [ 8.2 mnt]  15%|█▌        | 3/20 [05:26<30:52, 108.94s/it]   [diag] langkah 3: norma grad nan · param bergradien 0/504 · epoch 3.0
   [ 8.2 mnt] {'loss': 0.0, 'grad_norm': 0.1388673335313797, 'learning_rate': 4.5e-06, 'completion_length': 54.7, 'rewards/ganjaran_perilaku': 0.0, 'rewards/ganjaran_format': 0.0, 'rewards/ganjaran_jujur': -0.1394231617450714, 'rewards/ganjaran_isi': 0.0, 'rewards/ganjaran_takUlang': 0.10104706883430481, 'reward': -0.03837608098983765, 'reward_std': 0.9173148155212403, 'kl': 0.0005874987225979566, 'epoch': 3.0}
   [ 8.2 mnt]  15%|█▌        | 3/20 [05:26<30:52, 108.94s/it]
   [ 8.8 mnt] (sunyi, tapi GPU 32% · 30746 MiB — masih bekerja)
   [ 9.4 mnt] (sunyi, tapi GPU 100% · 30746 MiB — masih bekerja)
   [10.1 mnt]  20%|██        | 4/20 [07:17<29:14, 109.64s/it]
   [10.1 mnt] {'loss': 0.0, 'grad_norm': 0.11596953868865967, 'learning_rate': 4.25e-06, 'completion_length': 53.3, 'rewards/ganjaran_perilaku': 0.0, 'rewards/ganjaran_format': 0.0, 'rewards/ganjaran_jujur': -5.960464477539063e-09, 'rewards/ganjaran_isi': 0.0, 'rewards/ganjaran_takUlang': 0.02020506262779236, 'reward': 0.020205068588256835, 'reward_std': 0.8241995811462403, 'kl': 0.0010472405119799078, 'epoch': 4.0}
   [10.1 mnt]  20%|██        | 4/20 [07:17<29:14, 109.64s/it]
   [10.7 mnt] (sunyi, tapi GPU 42% · 30746 MiB — masih bekerja)
   [11.4 mnt] (sunyi, tapi GPU 28% · 30746 MiB — masih bekerja)
   [12.0 mnt]  25%|██▌       | 5/20 [09:03<27:05, 108.36s/it]
   [12.0 mnt] {'loss': 0.0001, 'grad_norm': 0.15557345747947693, 'learning_rate': 4.000000000000001e-06, 'completion_length': 62.5, 'rewards/ganjaran_perilaku': 0.0, 'rewards/ganjaran_format': 0.0, 'rewards/ganjaran_jujur': -0.12723265886306762, 'rewards/ganjaran_isi': 0.0, 'rewards/ganjaran_takUlang': 0.08126452267169952, 'reward': -0.04596813917160034, 'reward_std': 1.2549132347106933, 'kl': 0.0014412111835554243, 'epoch': 5.0}
   [12.0 mnt]  25%|██▌       | 5/20 [09:03<27:05, 108.36s/it]
   [12.6 mnt] (sunyi, tapi GPU 100% · 30760 MiB — masih bekerja)
   [13.3 mnt] (sunyi, tapi GPU 33% · 30760 MiB — masih bekerja)
   [13.9 mnt]  30%|███       | 6/20 [10:53<25:25, 108.97s/it]
   [13.9 mnt] {'loss': 0.0001, 'grad_norm': 0.11846520751714706, 'learning_rate': 3.7500000000000005e-06, 'completion_length': 84.6, 'rewards/ganjaran_perilaku': 0.0, 'rewards/ganjaran_format': 0.0, 'rewards/ganjaran_jujur': -0.1154700517654419, 'rewards/ganjaran_isi': 0.0, 'rewards/ganjaran_takUlang': -0.27242220044136045, 'reward': -0.3878922492265701, 'reward_std': 1.242867648601532, 'kl': 0.0014393010991625489, 'epoch': 6.0}
   [13.9 mnt]  30%|███       | 6/20 [10:53<25:25, 108.97s/it]
   [14.5 mnt] (sunyi, tapi GPU 33% · 30760 MiB — masih bekerja)
   [15.2 mnt]  35%|███▌      | 7/20 [12:38<23:19, 107.67s/it]
   [15.2 mnt] {'loss': 0.0001, 'grad_norm': 0.11945115029811859, 'learning_rate': 3.5e-06, 'completion_length': 60.15, 'rewards/ganjaran_perilaku': 0.0, 'rewards/ganjaran_format': 0.0, 'rewards/ganjaran_jujur': 0.19106293916702272, 'rewards/ganjaran_isi': 0.0, 'rewards/ganjaran_takUlang': -0.24962655305862427, 'reward': -0.058563601970672605, 'reward_std': 0.8222633361816406, 'kl': 0.0015800922177731992, 'epoch': 7.0}
   [15.2 mnt]  35%|███▌      | 7/20 [12:38<23:19, 107.67s/it]
   [15.8 mnt] (sunyi, tapi GPU 100% · 30760 MiB — masih bekerja)
   [16.5 mnt] (sunyi, tapi GPU 45% · 30760 MiB — masih bekerja)
   [17.1 mnt]  40%|████      | 8/20 [14:28<21:40, 108.38s/it]
   [17.1 mnt] {'loss': 0.0001, 'grad_norm': 0.13168559968471527, 'learning_rate': 3.2500000000000002e-06, 'completion_length': 76.85, 'rewards/ganjaran_perilaku': 0.0, 'rewards/ganjaran_format': 0.0, 'rewards/ganjaran_jujur': 0.051639771461486815, 'rewards/ganjaran_isi': 0.0, 'rewards/ganjaran_takUlang': 0.1385814666748047, 'reward': 0.19022122621536255, 'reward_std': 1.1047231435775757, 'kl': 0.001655125874094665, 'epoch': 8.0}
   [17.1 mnt]  40%|████      | 8/20 [14:28<21:40, 108.38s/it]
   [17.7 mnt] (sunyi, tapi GPU 32% · 30760 MiB — masih bekerja)
   [18.4 mnt] (sunyi, tapi GPU 100% · 30760 MiB — masih bekerja)
   [19.0 mnt]  45%|████▌     | 9/20 [16:20<20:02, 109.32s/it]
   [19.0 mnt] {'loss': 0.0001, 'grad_norm': 0.12771205604076385, 'learning_rate': 3e-06, 'completion_length': 68.65, 'rewards/ganjaran_perilaku': 0.0, 'rewards/ganjaran_format': 0.0, 'rewards/ganjaran_jujur': -0.1154700517654419, 'rewards/ganjaran_isi': 0.0, 'rewards/ganjaran_takUlang': -0.10231218934059143, 'reward': -0.2177822470664978, 'reward_std': 0.8094882965087891, 'kl': 0.002481342782266438, 'epoch': 9.0}
   [19.0 mnt]  45%|████▌     | 9/20 [16:20<20:02, 109.32s/it]
   [19.6 mnt] (sunyi, tapi GPU 35% · 30760 MiB — masih bekerja)
   [20.3 mnt] (sunyi, tapi GPU 100% · 30760 MiB — masih bekerja)
   [21.0 mnt]  50%|█████     | 10/20 [18:06<18:02, 108.30s/it]
   [21.0 mnt] {'loss': 0.0001, 'grad_norm': 0.12634600698947906, 'learning_rate': 2.7500000000000004e-06, 'completion_length': 36.2, 'rewards/ganjaran_perilaku': 0.0, 'rewards/ganjaran_format': 0.0, 'rewards/ganjaran_jujur': -0.051639771461486815, 'rewards/ganjaran_isi': 0.0, 'rewards/ganjaran_takUlang': 0.09204324185848237, 'reward': 0.040403470396995544, 'reward_std': 0.7321101188659668, 'kl': 0.002058326336555183, 'epoch': 10.0}
   [21.0 mnt]  50%|█████     | 10/20 [18:06<18:02, 108.30s/it]
   [21.6 mnt] (sunyi, tapi GPU 47% · 30760 MiB — masih bekerja)
   [22.2 mnt] (sunyi, tapi GPU 29% · 30760 MiB — masih bekerja)
   [22.9 mnt]  55%|█████▌    | 11/20 [19:57<16:22, 109.13s/it]
   [22.9 mnt] {'loss': 0.0001, 'grad_norm': 0.11969143897294998, 'learning_rate': 2.5e-06, 'completion_length': 67.5, 'rewards/ganjaran_perilaku': 0.0, 'rewards/ganjaran_format': 0.0, 'rewards/ganjaran_jujur': 0.023953115940093993, 'rewards/ganjaran_isi': 0.0, 'rewards/ganjaran_takUlang': -0.16071081757545472, 'reward': -0.13675771057605743, 'reward_std': 0.7390522241592408, 'kl': 0.002502147096674889, 'epoch': 11.0}
   [22.9 mnt]  55%|█████▌    | 11/20 [19:57<16:22, 109.13s/it]
   [23.5 mnt] (sunyi, tapi GPU 100% · 30760 MiB — masih bekerja)
   [24.2 mnt] (sunyi, tapi GPU 30% · 30760 MiB — masih bekerja)
   [24.8 mnt]  60%|██████    | 12/20 [21:47<14:36, 109.57s/it]
   [24.8 mnt] {'loss': 0.0001, 'grad_norm': 0.12059926986694336, 'learning_rate': 2.25e-06, 'completion_length': 82.35, 'rewards/ganjaran_perilaku': 0.0, 'rewards/ganjaran_format': 0.0, 'rewards/ganjaran_jujur': -0.07559288740158081, 'rewards/ganjaran_isi': 0.0, 'rewards/ganjaran_takUlang': -0.24154462814331054, 'reward': -0.31713751554489134, 'reward_std': 0.9325554370880127, 'kl': 0.002391847991384566, 'epoch': 12.0}
   [24.8 mnt]  60%|██████    | 12/20 [21:47<14:36, 109.57s/it]
   [25.4 mnt] (sunyi, tapi GPU 32% · 30760 MiB — masih bekerja)
   [26.1 mnt] (sunyi, tapi GPU 79% · 30760 MiB — masih bekerja)
   [26.7 mnt]  65%|██████▌   | 13/20 [23:38<12:49, 109.92s/it]
   [26.7 mnt] {'loss': 0.0001, 'grad_norm': 0.13002948462963104, 'learning_rate': 2.0000000000000003e-06, 'completion_length': 81.25, 'rewards/ganjaran_perilaku': 0.0, 'rewards/ganjaran_format': 0.0, 'rewards/ganjaran_jujur': 0.07559289336204529, 'rewards/ganjaran_isi': 0.0, 'rewards/ganjaran_takUlang': -0.02299623191356659, 'reward': 0.052596664428710936, 'reward_std': 0.9382751941680908, 'kl': 0.0032751452410593627, 'epoch': 13.0}
   [26.7 mnt]  65%|██████▌   | 13/20 [23:38<12:49, 109.92s/it]
   [27.3 mnt] (sunyi, tapi GPU 35% · 30760 MiB — masih bekerja)
   [28.0 mnt]  70%|███████   | 14/20 [25:29<11:01, 110.29s/it]
   [28.0 mnt] {'loss': 0.0002, 'grad_norm': 0.12327825278043747, 'learning_rate': 1.75e-06, 'completion_length': 62.65, 'rewards/ganjaran_perilaku': 0.0, 'rewards/ganjaran_format': 0.0, 'rewards/ganjaran_jujur': -0.07559289336204529, 'rewards/ganjaran_isi': 0.0, 'rewards/ganjaran_takUlang': 0.2093218445777893, 'reward': 0.1337289571762085, 'reward_std': 0.8913319110870361, 'kl': 0.004104691790416837, 'epoch': 14.0}
   [28.0 mnt]  70%|███████   | 14/20 [25:29<11:01, 110.29s/it]
   [28.6 mnt] (sunyi, tapi GPU 100% · 30760 MiB — masih bekerja)
   [29.3 mnt] (sunyi, tapi GPU 47% · 30760 MiB — masih bekerja)
   [30.0 mnt]  75%|███████▌  | 15/20 [27:19<09:10, 110.07s/it]
   [30.0 mnt] {'loss': 0.0001, 'grad_norm': 0.13083350658416748, 'learning_rate': 1.5e-06, 'completion_length': 52.7, 'rewards/ganjaran_perilaku': 0.0, 'rewards/ganjaran_format': 0.0, 'rewards/ganjaran_jujur': -0.15118578672409058, 'rewards/ganjaran_isi': 0.0, 'rewards/ganjaran_takUlang': -0.1000465989112854, 'reward': -0.2512323796749115, 'reward_std': 0.532228422164917, 'kl': 0.00326412555295974, 'epoch': 15.0}
   [30.0 mnt]  75%|███████▌  | 15/20 [27:19<09:10, 110.07s/it]
   [30.6 mnt] (sunyi, tapi GPU 32% · 30760 MiB — masih bekerja)
   [31.2 mnt] (sunyi, tapi GPU 100% · 30760 MiB — masih bekerja)
   [31.9 mnt]  80%|████████  | 16/20 [29:08<07:19, 109.91s/it]
   [31.9 mnt] {'loss': 0.0001, 'grad_norm': 0.11410646885633469, 'learning_rate': 1.25e-06, 'completion_length': 87.95, 'rewards/ganjaran_perilaku': 0.0, 'rewards/ganjaran_format': 0.0, 'rewards/ganjaran_jujur': 0.027686679363250734, 'rewards/ganjaran_isi': 0.0, 'rewards/ganjaran_takUlang': 0.10310431122779846, 'reward': 0.13079097867012024, 'reward_std': 1.281315302848816, 'kl': 0.0026443047681823373, 'epoch': 16.0}
   [31.9 mnt]  80%|████████  | 16/20 [29:08<07:19, 109.91s/it]
   [32.5 mnt] (sunyi, tapi GPU 39% · 30760 MiB — masih bekerja)
   [33.1 mnt] (sunyi, tapi GPU 27% · 30760 MiB — masih bekerja)
   [33.8 mnt]  85%|████████▌ | 17/20 [30:57<05:29, 109.69s/it]
   [33.8 mnt] {'loss': 0.0002, 'grad_norm': 0.12864693999290466, 'learning_rate': 1.0000000000000002e-06, 'completion_length': 83.45, 'rewards/ganjaran_perilaku': 0.0, 'rewards/ganjaran_format': 0.0, 'rewards/ganjaran_jujur': 0.023953109979629517, 'rewards/ganjaran_isi': 0.0, 'rewards/ganjaran_takUlang': 0.07319365441799164, 'reward': 0.09714678525924683, 'reward_std': 0.974636721611023, 'kl': 0.003878141799941659, 'epoch': 17.0}
   [33.8 mnt]  85%|████████▌ | 17/20 [30:57<05:29, 109.69s/it]
   [34.4 mnt] (sunyi, tapi GPU 47% · 30760 MiB — masih bekerja)
   [35.1 mnt] (sunyi, tapi GPU 29% · 30760 MiB — masih bekerja)
   [35.7 mnt]  90%|█████████ | 18/20 [32:47<03:39, 109.74s/it]
   [35.7 mnt] {'loss': 0.0001, 'grad_norm': 0.11848083138465881, 'learning_rate': 7.5e-07, 'completion_length': 79.15, 'rewards/ganjaran_perilaku': 0.0, 'rewards/ganjaran_format': 0.0, 'rewards/ganjaran_jujur': 0.1, 'rewards/ganjaran_isi': 0.0, 'rewards/ganjaran_takUlang': 0.08422928899526597, 'reward': 0.18422927856445312, 'reward_std': 1.069251537322998, 'kl': 0.003645634511485696, 'epoch': 18.0}
   [35.7 mnt]  90%|█████████ | 18/20 [32:47<03:39, 109.74s/it]
   [36.3 mnt] (sunyi, tapi GPU 100% · 30760 MiB — masih bekerja)
   [37.0 mnt] (sunyi, tapi GPU 31% · 30760 MiB — masih bekerja)
   [37.7 mnt]  95%|█████████▌| 19/20 [34:38<01:50, 110.07s/it]
   [37.7 mnt] {'loss': 0.0002, 'grad_norm': 0.17794360220432281, 'learning_rate': 5.000000000000001e-07, 'completion_length': 81.5, 'rewards/ganjaran_perilaku': 0.0, 'rewards/ganjaran_format': 0.0, 'rewards/ganjaran_jujur': 0.16710983514785765, 'rewards/ganjaran_isi': 0.0, 'rewards/ganjaran_takUlang': -0.15818465799093245, 'reward': 0.00892518162727356, 'reward_std': 0.7291697025299072, 'kl': 0.005214638914912939, 'epoch': 19.0}
   [37.7 mnt]  95%|█████████▌| 19/20 [34:38<01:50, 110.07s/it]
   [38.3 mnt] (sunyi, tapi GPU 100% · 30760 MiB — masih bekerja)
   [38.9 mnt] (sunyi, tapi GPU 100% · 30760 MiB — masih bekerja)
   [39.6 mnt] 100%|██████████| 20/20 [36:29<00:00, 110.38s/it]   [diag] langkah 20: norma grad nan · param bergradien 0/504 · epoch 20.0
   [39.6 mnt] {'loss': 0.0002, 'grad_norm': 0.12625430524349213, 'learning_rate': 2.5000000000000004e-07, 'completion_length': 93.6, 'rewards/ganjaran_perilaku': 0.0, 'rewards/ganjaran_format': 0.0, 'rewards/ganjaran_jujur': -0.12723267078399658, 'rewards/ganjaran_isi': 0.0, 'rewards/ganjaran_takUlang': 0.26623526513576506, 'reward': 0.1390025794506073, 'reward_std': 1.4869892835617065, 'kl': 0.0042214383836835625, 'epoch': 20.0}
   [39.6 mnt] 100%|██████████| 20/20 [36:29<00:00, 110.38s/it]
   [39.6 mnt] {'train_runtime': 2189.6084, 'train_samples_per_second': 0.365, 'train_steps_per_second': 0.009, 'train_loss': 9.583141083567281e-05, 'epoch': 20.0}
   [39.6 mnt] 100%|██████████| 20/20 [36:29<00:00, 110.38s/it]
   [39.6 mnt] 100%|██████████| 20/20 [36:29<00:00, 109.48s/it]
   [39.6 mnt]    [diag] global_step=20 · keadaan pengoptimasi terisi untuk 504 tensor · lr sekarang 0.000e+00 · param di grup 504
   [39.6 mnt]    [diag] trl 0.14.0 · num_iterations=? · per_device_train_batch_size=8 · grad_accum=5 · num_generations=8
   [39.6 mnt]    [diag] |w| jumlah SESUDAH 136244.969419 · selisih 7.190761e+00
   [39.6 mnt]    adapter tersimpan: adapter-grpo
   [39.6 mnt]    ganjaran mentah rata-rata (5760 rollout): {'perilaku': 0.0, 'format': 1.0, 'jujur': 0.6355902777777778, 'isi': 1.0, 'takUlang': 0.975936253993053}
   [39.6 mnt]    grup beragam per objektif (A20): perilaku 0/720, format 0/720, jujur 342/720, isi 0/720, takUlang 445/720
   [39.6 mnt]    jujur per jendela: [0.6198, 0.6396, 0.6292, 0.6396, 0.6479, 0.6375]
   [39.6 mnt] SELESAI 37.2 mnt
   [32mselesai[0m

## 6. Ambil
   terambil: lora-tool-grpo-jujur.tgz
   terambil: ringkasan-tool-grpo-jujur.json
   terambil: grpo-jujur.log

   langkah 20 · 37.2 mnt · rollout 5760
   ganjaran mentah rata-rata: {'perilaku': 0.0, 'format': 1.0, 'jujur': 0.6355902777777778, 'isi': 1.0, 'takUlang': 0.975936253993053}

## 7. Matikan instance
   instance 49465152 dimatikan
   hidup 40 menit · saldo sekarang $0.36
