# MO-GRPO penuh — 3 langkah

## 1. Gerbang pra-GPU
   [32mganjaran JS<->Python[0m lulus
   [32mmatematika MO-GRPO[0m lulus
   [32mkolam bisa dimuat & dinilai[0m lulus
   [32mkolam[0m sidik baab6e20c5b2fadf cocok pra-daftar (v17-rlvr-jujur)

## 2. Sewa GPU (saldo $0.98)
   3 layak; termurah RTX 4080S $0.195/jam
   coba offer 33650207 · $0.195/jam
   [ 0.0 mnt] menunggu…
   [ 0.4 mnt] menunggu…
   [ 0.7 mnt] menunggu…
   [ 1.1 mnt] menunggu…
   [ 1.5 mnt] menunggu…
   [ 1.8 mnt] menunggu…
   [ 2.2 mnt] menunggu…
   [ 2.5 mnt] menunggu…
   [32msiap & SSH menjawab[0m

## 2b. Kartu yang BENAR-BENAR didapat: NVIDIA GeForce RTX 4080 SUPER, 32760 MiB
   [32mVRAM 32.0 GiB[0m — cukup

## 3. Kirim bahan
   terkirim: latih_grpo.py
   terkirim: ganjaran.py
   terkirim: ukur_latih.py
   terkirim: kolam-jujur.jsonl
   terkirim: lora-gaya.tgz
   isi arsip adapter: lora/

## 4. Pasang pustaka
   WARNING: Running pip as the 'root' user can result in broken permissions and conflicting behaviour with the system package manager. It is recommended to use a virtual environment instead: https://pip.pypa.io/warnings/venv

## 5. Latih
   [ 8.1 mnt] # GRPO penuh — 3 langkah, 8 generasi/prompt
   [ 8.1 mnt]    kolam 36 prompt · {'di-luar': 6, 'fakta': 12, 'premis-salah': 8, 'tidak-ada': 10}
   [ 8.8 mnt] Fetching 3 files:   0%|          | 0/3 [00:00<?, ?it/s]
   [12.6 mnt] Fetching 3 files:  33%|███▎      | 1/3 [04:04<08:08, 244.49s/it]
   [13.3 mnt] Fetching 3 files:  67%|██████▋   | 2/3 [04:46<02:05, 125.45s/it]
   [13.3 mnt] Fetching 3 files: 100%|██████████| 3/3 [04:46<00:00, 95.54s/it] 
   [13.3 mnt] Loading checkpoint shards:   0%|          | 0/3 [00:00<?, ?it/s]
   [13.3 mnt] Loading checkpoint shards:  33%|███▎      | 1/3 [00:01<00:02,  1.07s/it]
   [13.3 mnt] Loading checkpoint shards:  67%|██████▋   | 2/3 [00:01<00:00,  1.13it/s]
   [13.3 mnt] Loading checkpoint shards: 100%|██████████| 3/3 [00:01<00:00,  1.62it/s]
   [13.3 mnt] trainable params: 33,030,144 || all params: 4,055,498,240 || trainable%: 0.8145
   [13.3 mnt]    [diag] param terlatih 33,030,144 · |w| jumlah 136237.778658 · maks 2.186216e-02
   [13.3 mnt]    [diag] dtype param terlatih: {'torch.float32'}
   [13.3 mnt] No label_names provided for model class `PeftModelForCausalLM`. Since `PeftModel` hides base models input arguments, if label_names is not given, label_names can't be set automatically within `Trainer`. Note that empty label_names list will be used instead.
   [13.3 mnt]   0%|          | 0/3 [00:00<?, ?it/s]`generation_config` default values have been modified to match model-specific defaults: {'top_k': 20, 'top_p': 0.8, 'bos_token_id': 151643, 'eos_token_id': [151645, 151643]}. If this is not desired, please set these values explicitly.
   [13.3 mnt] `use_cache=True` is incompatible with gradient checkpointing. Setting `use_cache=False`.
   [13.3 mnt] DynamicCache + torch.export is tested on torch 2.6.0+ and may not work on earlier versions.
   [14.0 mnt] /opt/conda/lib/python3.11/site-packages/torch/utils/checkpoint.py:1399: FutureWarning: `torch.cpu.amp.autocast(args...)` is deprecated. Please use `torch.amp.autocast('cpu', args...)` instead.
   [14.0 mnt]   with device_autocast_ctx, torch.cpu.amp.autocast(**cpu_autocast_kwargs), recompute_context:  # type: ignore[attr-defined]
   [14.7 mnt] (sunyi, tapi GPU 42% · 30247 MiB — masih bekerja)
   [15.5 mnt] (sunyi, tapi GPU 48% · 27727 MiB — masih bekerja)
   [16.4 mnt] (sunyi, tapi GPU 100% · 30445 MiB — masih bekerja)
   [17.1 mnt] (sunyi, tapi GPU 100% · 30337 MiB — masih bekerja)
   [17.9 mnt] {'train_runtime': 277.8139, 'train_samples_per_second': 1.382, 'train_steps_per_second': 0.011, 'train_loss': 1.3387762010097504e-06, 'completion_length': 65.94270833333333, 'rewards/ganjaran_perilaku': 0.0, 'rewards/ganjaran_format': 0.0, 'rewards/ganjaran_jujur': -1.280568540096283e-09, 'rewards/ganjaran_isi': 0.0, 'rewards/ganjaran_takUlang': -1.823840041955312e-09, 'reward': 4.268561800320943e-09, 'reward_std': 0.9306723227103552, 'kl': 0.0, 'epoch': 0}
   [17.9 mnt]   0%|          | 0/3 [04:37<?, ?it/s]
   [17.9 mnt]   0%|          | 0/3 [04:37<?, ?it/s]
   [17.9 mnt]    [diag] |w| jumlah SESUDAH 136237.778658 · selisih 0.000000e+00
   [17.9 mnt]    [diag] BOBOT TIDAK BERUBAH SAMA SEKALI — latihan tidak menghasilkan apa pun.
   [17.9 mnt]    adapter tersimpan: adapter-grpo
   [17.9 mnt]    ganjaran mentah rata-rata (768 rollout): {'perilaku': 0.0, 'format': 1.0, 'jujur': 0.6080729166666666, 'isi': 1.0, 'takUlang': 0.9717713242187505}
   [17.9 mnt]    grup beragam per objektif (A20): perilaku 0/96, format 0/96, jujur 46/96, isi 0/96, takUlang 64/96
   [17.9 mnt]    jujur per jendela: [0.5938, 0.6797, 0.5156, 0.6719, 0.6875, 0.5]
   [17.9 mnt] SELESAI 10.0 mnt
   [32mselesai[0m

## 6. Ambil
   terambil: lora-tool-grpo-diag.tgz
   terambil: ringkasan-tool-grpo-diag.json
   terambil: grpo-diag.log

   langkah 3 · 10.0 mnt · rollout 768
   ganjaran mentah rata-rata: {'perilaku': 0.0, 'format': 1.0, 'jujur': 0.6080729166666666, 'isi': 1.0, 'takUlang': 0.9717713242187505}

## 7. Matikan instance
   instance 49454341 dimatikan
   hidup 21 menit · saldo sekarang $0.87
