# Latih adapter v13-hitung

## 1. Segel pra-daftar
   hitung · sidik 500de80a5a2cd162 [32mcocok pra-daftar[0m

## 1b. Kontrak masukan (manifest)
     [33mcatatan[0m git: 10 berkas belum di-commit — run tetap sah, tapi commit DULU supaya sidik skrip bisa dilacak ke commit
   
     sidik: data=500de80a5a2cd162 · soal=8a68b69a16c583a5 · kenari=87e91feb4fed4bc9 · resep=aa2d55baaca14ae1 · skrip=00f2593b636ccd58 · ukur=a7b568d9dd5462db · promptGerbang=04b8df92cb204dca · tahan=b2a25c6e323a3f9a
     manifest: flywheel\dataset\v13\MANIFEST-hitung.json
   
   [32mSIAP[0m — semua syarat wajib terpenuhi (3 catatan). [2mberikutnya: migan latih hitung[0m

## 2. Kredensial & host
   saldo: $2.08
   6 layak; termurah RTX 3090 $0.149/jam

   percobaan 1/3 — RTX 3090 $0.149/jam (id 47131223)
   instance 48466733 disewa
   [ 0.0 mnt] ?
   [ 0.4 mnt] loading
   [ 2.2 mnt] running
   [32msiap & SSH menjawab[0m

## 3. Kirim bahan
   terkirim: cluster.jsonl
   terkirim: latih_cluster.py
   terkirim: ukur_latih.py
   terkirim: soal-aritmetika-bersih.json
   terkirim: kenari.json
   terkirim: resep.json
   terkirim: prompt-gerbang.json
   terkirim: tahan.jsonl
   [32mterbukti utuh[0m: 285 baris

## 4. Latih + gerbang tingkat-1
   [32mproses hidup[0m
   [ 1 mnt] WARNING: Running pip as the 'root' user can result in broken permissions and conflicting behaviour with t
   [ 2 mnt] Fetching 3 files:   0%|          | 0/3 [00:00<?, ?it/s]
   [ 2 mnt]   6%|?         | 2/36 [00:06<01:51,  3.29s/it]
   [ 3 mnt]  44%|?????     | 16/36 [00:52<01:03,  3.18s/it]
   [ 4 mnt]  83%|????????? | 30/36 [01:37<00:19,  3.24s/it]
   [ 5 mnt]   warnings.warn(
   [ 5 mnt]    arit-dengan: 10/10 ? ton 4/4 ? rata 2/2 ? terpotong 0
   [ 6 mnt]    arit-tanpa: 8/10 ? ton 4/4 ? rata 2/2 ? terpotong 0
   [ 7 mnt]    arit-latih: 8/10 ? ton 4/4 ? rata 0/2 ? terpotong 0
   [ 8 mnt] SELESAI dalam 6.8 menit

## 5. Ambil (adapter DULU)
   terambil: lora-hitung.tgz
   terambil: ringkasan-hitung.json

   loss 0.4611 · arit dengan 10/10 tanpa 8/10 · kenari 0/12 · terpotong data 0
   petak tahan: base 3.6653 -> adapter 2.4613 (delta -1.2040)

## 5b. Kontrak keluaran
   # Kontrak keluaran — hitung (v13)
   
     [33mcatatan[0m petak tahan: loss base 3.665302276611328 -> adapter 2.4613115787506104 (delta -1.204)
   
   [32mSAHIH[0m — sidik masukan cocok manifest; sanad run ini bersambung otomatis.

## 6. Matikan instance
   [32minstance 48466733 dimatikan[0m
   hidup 9 menit · perkiraan $0.02

[32mSELESAI hitung[0m — ringkasan: models/v13/ringkasan-hitung.json
