# MO-GRPO penuh — 60 langkah

## 1. Gerbang pra-GPU
   [32mganjaran JS<->Python[0m lulus
   [32mmatematika MO-GRPO[0m lulus
   [32mkolam bisa dimuat & dinilai[0m lulus
   [32mkolam[0m sidik baab6e20c5b2fadf cocok pra-daftar (v17-rlvr-jujur)

## 2. Sewa GPU (saldo $1.85)
   3 layak; termurah RTX 3090 $0.148/jam
   coba offer 48046546 · $0.148/jam
   [ 0.0 mnt] menunggu…
   [ 0.4 mnt] menunggu…
   [ 0.7 mnt] menunggu…
   [ 1.1 mnt] menunggu…
   [ 1.5 mnt] menunggu…
   [ 1.8 mnt] menunggu…
   [ 2.2 mnt] menunggu…
   [ 2.5 mnt] menunggu…
   [ 2.9 mnt] menunggu…
   [ 3.3 mnt] menunggu…
   [ 3.7 mnt] menunggu…
   [ 4.1 mnt] menunggu…
   [ 4.5 mnt] menunggu…
   [ 4.9 mnt] menunggu…
   [ 5.3 mnt] menunggu…
   [ 5.7 mnt] menunggu…
   [ 6.1 mnt] menunggu…
   [ 6.5 mnt] menunggu…
   [ 6.9 mnt] menunggu…
   [33mtidak siap — matikan & pindah host[0m
   coba offer 32576982 · $0.195/jam
   [ 0.0 mnt] menunggu…
   [ 0.4 mnt] menunggu…
   [32msiap & SSH menjawab[0m

## 3. Kirim bahan
   terkirim: latih_grpo.py
   terkirim: ganjaran.py
   terkirim: ukur_latih.py
   terkirim: kolam-jujur.jsonl
   terkirim: lora-gaya.tgz
   isi arsip adapter: lora/

## 4. Pasang pustaka
   WARNING: Running pip as the 'root' user can result in broken permissions and conflicting behaviour with the system package manager. It is recommended to use a virtual environment instead: https://pip.pypa.io/warnings/venv

## 5. Latih
   [ 3.4 mnt] # GRPO penuh — 60 langkah, 8 generasi/prompt
   [ 3.4 mnt]    kolam 36 prompt · {'di-luar': 6, 'fakta': 12, 'premis-salah': 8, 'tidak-ada': 10}
   [ 3.4 mnt] 
   [ 3.4 mnt] Fetching 3 files:   0%|          | 0/3 [00:00<?, ?it/s]
   [ 5.4 mnt] 
   [ 5.4 mnt]   0%|          | 0/60 [00:00<?, ?it/s]`generation_config` default values have been modified to match model-specific defaults: {'top_k': 20, 'top_p': 0.8, 'bos_token_id': 151643, 'eos_token_id': [151645, 151643]}. If this is not desired, please set these values explicitly.
   [ 5.4 mnt] `use_cache=True` is incompatible with gradient checkpointing. Setting `use_cache=False`.
   [ 5.4 mnt] DynamicCache + torch.export is tested on torch 2.6.0+ and may not work on earlier versions.
   [ 6.1 mnt]            ^^^^^^^^^^^^^^
   [ 6.1 mnt] torch.OutOfMemoryError: CUDA out of memory. Tried to allocate 9.31 GiB. GPU 0 has a total capacity of 31.47 GiB of which 6.78 GiB is free. Process 3501435 has 24.68 GiB memory in use. Of the allocated memory 23.30 GiB is allocated by PyTorch, and 1.08 GiB is reserved by PyTorch but unallocated. If reserved but unallocated memory is large try setting PYTORCH_CUDA_ALLOC_CONF=expandable_segments:True to avoid fragmentation.  See documentation for Memory Management  (https://pytorch.org/docs/stable/notes/cuda.html#environment-variables)
   [ 6.1 mnt] 
   [ 6.1 mnt]   0%|          | 0/60 [00:39<?, ?it/s]

[31mBERHENTI[0m — diam 12 menit — dianggap macet.

## 7. Matikan instance
   instance 49437033 dimatikan
   hidup 18 menit · saldo sekarang $1.72
