# Latih adapter v13-hitung

## 1. Segel pra-daftar
   hitung · sidik 500de80a5a2cd162 [32mcocok pra-daftar[0m

## 1b. Kontrak masukan (manifest)
     [33mcatatan[0m git: 3 berkas belum di-commit — run tetap sah, tapi commit DULU supaya sidik skrip bisa dilacak ke commit
   
     sidik: data=500de80a5a2cd162 · soal=8a68b69a16c583a5 · kenari=87e91feb4fed4bc9 · resep=5f4a3569fc30ab3d · skrip=00f2593b636ccd58 · ukur=a7b568d9dd5462db · promptGerbang=04b8df92cb204dca · tahan=b2a25c6e323a3f9a
     manifest: flywheel\dataset\v13\MANIFEST-hitung-wd0.01.json
   
   [32mSIAP[0m — semua syarat wajib terpenuhi (3 catatan). [2mberikutnya: migan latih hitung[0m

## 2. Kredensial & host
   saldo: $2.03
   7 layak; termurah RTX 3090 $0.113/jam

   percobaan 1/3 — RTX 3090 $0.113/jam (id 48086792)
   instance 48467436 disewa
   [ 0.0 mnt] ?
   [ 0.4 mnt] loading
   [ 0.7 mnt] running
   [32msiap & SSH menjawab[0m

## 3. Kirim bahan
   terkirim: cluster.jsonl
   terkirim: latih_cluster.py
   terkirim: ukur_latih.py
   terkirim: soal-aritmetika-bersih.json
   terkirim: kenari.json
   terkirim: resep.json
   terkirim: prompt-gerbang.json
   terkirim: tahan.jsonl
   [32mterbukti utuh[0m: 285 baris

## 4. Latih + gerbang tingkat-1
   [32mproses hidup[0m
   [ 2 mnt] == [1/7] pustaka ==
   [ 5 mnt] Fetching 3 files:   0%|          | 0/3 [00:00<?, ?it/s]

## 6. Matikan instance
   [32minstance 48467436 dimatikan[0m
   hidup 18 menit · perkiraan $0.03
Traceback (most recent call last):
  File "./flywheel\vast\luncurkan_cluster.py", line 258, in <module>
    # macet (host sehat menyelesaikannya < 2 menit); jangan bayar 12 menit.
        ^^^^^^^^^^^^^^^^^^^^^^^^^^^^^^^^^^^^^^^^^^^^^^^^^^^^^^^^^^^^
RuntimeError: MACET.
ehaviour with the system package manager. It is recommended to use a virtual environment instead: https://pip.pypa.io/warnings/venv
   lingkungan: {"python": "3.11.9", "os": "Linux-5.15.0-179-generic-x86_64-with-glibc2.35", "gitCommit": "3484283", "torch": "2.4.0", "transformers": "4.51.3", "peft": "0.14.0", "datasets": "3.2.0", "accelerate": "1.2.1", "cuda": "12.1", "gpu": "NVIDIA GeForce RTX 3090"}
== [2/7] base & data ==

Fetching 3 files:   0%|          | 0/3 [00:00<?, ?it/s]
Fetching 3 files:  33%|███▎      | 1/3 [13:00<26:00, 780.44s/it]
Fetching 3 files: 100%|██████████| 3/3 [13:00<00:00, 260.15s/it]

Loading checkpoint shards:   0%|          | 0/3 [00:00<?, ?it/s]
Loading checkpoint shards:  33%|███▎      | 1/3 [00:01<00:02,  1.11s/it]
Loading checkpoint shards:  67%|██████▋   | 2/3 [00:01<00:00,  1.07it/s]
Loading checkpoint shards: 100%|██████████| 3/3 [00:01<00:00,  1.55it/s]

