# MO-GRPO penuh — 2 langkah

## 1. Gerbang pra-GPU
   [32mganjaran JS<->Python[0m lulus
   [32mmatematika MO-GRPO[0m lulus
   [32mkolam bisa dimuat & dinilai[0m lulus
   [32mkolam[0m sidik baab6e20c5b2fadf cocok pra-daftar (v17-rlvr-jujur)

## 2. Sewa GPU (saldo $0.87)
   3 layak; termurah RTX 4080S $0.195/jam
   coba offer 33650207 · $0.195/jam
   [ 0.0 mnt] menunggu…
   [ 0.4 mnt] menunggu…
   [32msiap & SSH menjawab[0m

## 2b. Kartu yang BENAR-BENAR didapat: NVIDIA GeForce RTX 4080 SUPER, 32760 MiB
   [32mVRAM 32.0 GiB[0m — cukup

## 3. Kirim bahan
   terkirim: latih_grpo.py
   terkirim: ganjaran.py
   terkirim: ukur_latih.py
   terkirim: kolam-jujur.jsonl
   terkirim: lora-gaya.tgz
   isi arsip adapter: lora/

## 4. Pasang pustaka
   WARNING: Running pip as the 'root' user can result in broken permissions and conflicting behaviour with the system package manager. It is recommended to use a virtual environment instead: https://pip.pypa.io/warnings/venv

## 5. Latih
   [ 4.6 mnt] # GRPO penuh — 2 langkah, 8 generasi/prompt
   [ 4.6 mnt]    kolam 36 prompt · {'di-luar': 6, 'fakta': 12, 'premis-salah': 8, 'tidak-ada': 10}
   [ 5.3 mnt] Fetching 3 files:   0%|          | 0/3 [00:00<?, ?it/s]
   [ 6.8 mnt] Fetching 3 files:  33%|███▎      | 1/3 [01:56<03:52, 116.17s/it]
   [ 7.5 mnt] (sunyi, tapi GPU 0% · 8745 MiB — masih bekerja)
   [ 8.3 mnt] Fetching 3 files:  67%|██████▋   | 2/3 [02:45<01:16, 76.77s/it] 
   [ 8.3 mnt] Fetching 3 files: 100%|██████████| 3/3 [02:45<00:00, 55.12s/it]
   [ 8.3 mnt] Loading checkpoint shards:   0%|          | 0/3 [00:00<?, ?it/s]
   [ 8.3 mnt] Loading checkpoint shards:  33%|███▎      | 1/3 [00:01<00:02,  1.08s/it]
   [ 8.3 mnt] Loading checkpoint shards:  67%|██████▋   | 2/3 [00:01<00:00,  1.15it/s]
   [ 8.3 mnt] Loading checkpoint shards: 100%|██████████| 3/3 [00:01<00:00,  1.65it/s]
   [ 8.3 mnt] trainable params: 33,030,144 || all params: 4,055,498,240 || trainable%: 0.8145
   [ 8.3 mnt]    [diag] param terlatih 33,030,144 · |w| jumlah 136237.778658 · maks 2.186216e-02
   [ 8.3 mnt]    [diag] dtype param terlatih: {'torch.float32'}
   [ 8.3 mnt] No label_names provided for model class `PeftModelForCausalLM`. Since `PeftModel` hides base models input arguments, if label_names is not given, label_names can't be set automatically within `Trainer`. Note that empty label_names list will be used instead.
   [ 8.3 mnt]    [diag] hook TrainerCallback tersedia: on_epoch_begin, on_epoch_end, on_evaluate, on_init_end, on_log, on_optimizer_step, on_pre_optimizer_step, on_predict, on_prediction_step, on_save, on_step_begin, on_step_end, on_substep_end, on_train_begin, on_train_end
   [ 8.3 mnt]   0%|          | 0/2 [00:00<?, ?it/s]`generation_config` default values have been modified to match model-specific defaults: {'top_k': 20, 'top_p': 0.8, 'bos_token_id': 151643, 'eos_token_id': [151645, 151643]}. If this is not desired, please set these values explicitly.
   [ 8.3 mnt] `use_cache=True` is incompatible with gradient checkpointing. Setting `use_cache=False`.
   [ 8.3 mnt] DynamicCache + torch.export is tested on torch 2.6.0+ and may not work on earlier versions.
   [ 8.3 mnt] /opt/conda/lib/python3.11/site-packages/torch/utils/checkpoint.py:1399: FutureWarning: `torch.cpu.amp.autocast(args...)` is deprecated. Please use `torch.amp.autocast('cpu', args...)` instead.
   [ 8.3 mnt]   with device_autocast_ctx, torch.cpu.amp.autocast(**cpu_autocast_kwargs), recompute_context:  # type: ignore[attr-defined]
   [ 9.0 mnt] (sunyi, tapi GPU 100% · 27669 MiB — masih bekerja)
   [ 9.7 mnt] (sunyi, tapi GPU 49% · 28107 MiB — masih bekerja)
   [10.5 mnt] (sunyi, tapi GPU 100% · 30443 MiB — masih bekerja)
   [11.3 mnt] {'train_runtime': 185.3083, 'train_samples_per_second': 1.381, 'train_steps_per_second': 0.011, 'train_loss': 1.5133991837501526e-06, 'completion_length': 66.55859375, 'rewards/ganjaran_perilaku': 0.0, 'rewards/ganjaran_format': 0.0, 'rewards/ganjaran_jujur': -1.9208528101444244e-09, 'rewards/ganjaran_isi': 0.0, 'rewards/ganjaran_takUlang': -4.831235855817795e-09, 'reward': 1.3969838619232178e-09, 'reward_std': 0.9368101581931114, 'kl': 0.0, 'epoch': 0}
   [11.3 mnt]   0%|          | 0/2 [03:05<?, ?it/s]
   [11.3 mnt]   0%|          | 0/2 [03:05<?, ?it/s]
   [11.3 mnt]    [diag] global_step=0 · keadaan pengoptimasi terisi untuk 0 tensor · lr sekarang 5.000e-06 · param di grup 504
   [11.3 mnt]    [diag] trl 0.14.0 · num_iterations=? · per_device_train_batch_size=8 · grad_accum=16 · num_generations=8
   [11.3 mnt]    [diag] |w| jumlah SESUDAH 136237.778658 · selisih 0.000000e+00
   [11.3 mnt]    [diag] BOBOT TIDAK BERUBAH SAMA SEKALI — latihan tidak menghasilkan apa pun.
   [11.3 mnt]    adapter tersimpan: adapter-grpo
   [11.3 mnt]    ganjaran mentah rata-rata (512 rollout): {'perilaku': 0.0, 'format': 1.0, 'jujur': 0.615234375, 'isi': 1.0, 'takUlang': 0.9728955}
   [11.3 mnt]    grup beragam per objektif (A20): perilaku 0/64, format 0/64, jujur 32/64, isi 0/64, takUlang 44/64
   [11.3 mnt]    jujur per jendela: [0.4941, 0.8471, 0.5647, 0.6353, 0.5765, 0.5765, 0.5]
   [11.3 mnt] SELESAI 6.2 mnt
   [32mselesai[0m

## 6. Ambil
   terambil: lora-tool-grpo-diag2.tgz
   terambil: ringkasan-tool-grpo-diag2.json
   terambil: grpo-diag2.log

   langkah 2 · 6.2 mnt · rollout 512
   ganjaran mentah rata-rata: {'perilaku': 0.0, 'format': 1.0, 'jujur': 0.615234375, 'isi': 1.0, 'takUlang': 0.9728955}

## 7. Matikan instance
   instance 49456572 dimatikan
   hidup 13 menit · saldo sekarang $0.79
