# Latih adapter v13-gaya

## 1. Segel pra-daftar
   gaya · sidik 7bd51f3327560acf [32mcocok pra-daftar[0m
   pra-daftar: PRA-DAFTAR-V16-JUJUR.json (v16-jujur)

## 1b. Kontrak masukan (manifest)
   
     sidik: data=7bd51f3327560acf · soal=8a68b69a16c583a5 · kenari=87e91feb4fed4bc9 · resep=aa2d55baaca14ae1 · skrip=411342293b11710c · ukur=a7b568d9dd5462db · promptGerbang=04b8df92cb204dca · tahan=b2a25c6e323a3f9a
     pra-daftar: flywheel\PRA-DAFTAR-V16-JUJUR.json (v16-jujur)
     manifest: flywheel\dataset\v13\MANIFEST-gaya-jujur1.json
   
   [32mSIAP[0m — semua syarat wajib terpenuhi (3 catatan). [2mberikutnya: migan latih gaya[0m

## 2. Kredensial & host
   saldo: $2.49
   6 layak; termurah RTX 3090 $0.129/jam

   percobaan 1/3 — RTX 3090 $0.129/jam (id 43861052)
   instance 49335656 disewa
   [ 0.0 mnt] ?
   [ 0.4 mnt] loading
   [33mtidak siap — pindah host[0m

   percobaan 2/3 — RTX 3090 Ti $0.189/jam (id 47263667)
   instance 49336247 disewa
   [ 0.0 mnt] ?
   [ 0.4 mnt] loading
   [ 3.6 mnt] running
   [32msiap & SSH menjawab[0m

## 3. Kirim bahan
   terkirim: cluster.jsonl
   terkirim: latih_cluster.py
   terkirim: ukur_latih.py
   terkirim: soal-aritmetika-bersih.json
   terkirim: kenari.json
   terkirim: resep.json
   terkirim: prompt-gerbang.json
   terkirim: tahan.jsonl
   [32mterbukti utuh[0m: 233 baris

## 4. Latih + gerbang tingkat-1
   [32mproses hidup[0m
   [ 1 mnt] == [1/7] pustaka ==
   [ 2 mnt] Fetching 3 files:   0%|          | 0/3 [00:00<?, ?it/s]
   [ 3 mnt]   with torch.enable_grad(), device_autocast_ctx, torch.cpu.amp.autocast(**ctx.cpu_autocast_kwargs):  # ty
   [ 4 mnt]  43%|?????     | 12/28 [00:47<01:08,  4.27s/it]
   [ 4 mnt]  89%|????????? | 25/28 [01:36<00:13,  4.37s/it]
   [ 5 mnt]   warnings.warn(
   [ 7 mnt]    arit-dengan: 10/10 ? ton 4/4 ? rata 2/2 ? terpotong 0
   [ 9 mnt]    arit-tanpa: 10/10 ? ton 4/4 ? rata 2/2 ? terpotong 0
   [11 mnt]    arit-latih: 5/10 ? ton 2/4 ? rata 0/2 ? terpotong 0
   [12 mnt] SELESAI dalam 10.4 menit

## 5. Ambil (adapter DULU)
   terambil: lora-gaya-jujur1.tgz
   terambil: ringkasan-gaya-jujur1.json

   loss 1.3040 · arit dengan 10/10 tanpa 10/10 · kenari 0/12 · terpotong data 0
   petak tahan: base 3.6662 -> adapter 2.4715 (delta -1.1947)

## 5b. Kontrak keluaran
   # Kontrak keluaran — gaya-jujur1 (v13)
   
     [33mcatatan[0m kepekaan pemicu: arit-dengan 10 vs arit-latih 5 (turun 5) — ada naskah bersyarat prompt latih; baca rinci arit-latih
     [33mcatatan[0m petak tahan: loss base 3.666214942932129 -> adapter 2.471489906311035 (delta -1.1947)
   
   [32mSAHIH[0m — sidik masukan cocok manifest; sanad run ini bersambung otomatis.

## 6. Matikan instance
   [32minstance 49336247 dimatikan[0m
   hidup 13 menit · perkiraan $0.04

[32mSELESAI gaya[0m - ringkasan: models/v13/ringkasan-gaya-jujur1.json
