# MO-GRPO penuh — 3 langkah

## 1. Gerbang pra-GPU
   [32mganjaran JS<->Python[0m lulus
   [32mmatematika MO-GRPO[0m lulus
   [32mkolam bisa dimuat & dinilai[0m lulus
   [32mkolam[0m sidik baab6e20c5b2fadf cocok pra-daftar (v17-rlvr-jujur)

## 2. Sewa GPU (saldo $1.48)
   3 layak; termurah RTX 4080S $0.195/jam
   coba offer 33650203 · $0.195/jam
   [ 0.0 mnt] menunggu…
   [ 0.4 mnt] menunggu…
   [ 0.7 mnt] menunggu…
   [ 1.1 mnt] menunggu…
   [ 1.4 mnt] menunggu…
   [32msiap & SSH menjawab[0m

## 2b. Kartu yang BENAR-BENAR didapat: NVIDIA GeForce RTX 4080 SUPER, 32760 MiB
   [32mVRAM 32.0 GiB[0m — cukup

## 3. Kirim bahan
   terkirim: latih_grpo.py
   terkirim: ganjaran.py
   terkirim: ukur_latih.py
   terkirim: kolam-jujur.jsonl
   terkirim: lora-gaya.tgz
   isi arsip adapter: lora/

## 4. Pasang pustaka
   WARNING: Running pip as the 'root' user can result in broken permissions and conflicting behaviour with the system package manager. It is recommended to use a virtual environment instead: https://pip.pypa.io/warnings/venv

## 5. Latih
   [ 8.4 mnt] # GRPO penuh — 3 langkah, 8 generasi/prompt
   [ 8.4 mnt]    kolam 36 prompt · {'di-luar': 6, 'fakta': 12, 'premis-salah': 8, 'tidak-ada': 10}
   [ 9.1 mnt] Fetching 3 files:   0%|          | 0/3 [00:00<?, ?it/s]
   [10.5 mnt] Fetching 3 files:  33%|███▎      | 1/3 [01:39<03:18, 99.24s/it]
   [10.5 mnt] Fetching 3 files:  67%|██████▋   | 2/3 [01:40<00:41, 41.90s/it]
   [10.5 mnt] Fetching 3 files: 100%|██████████| 3/3 [01:40<00:00, 33.67s/it]
   [10.5 mnt] Loading checkpoint shards:   0%|          | 0/3 [00:00<?, ?it/s]
   [10.5 mnt] Loading checkpoint shards:  33%|███▎      | 1/3 [00:01<00:02,  1.02s/it]
   [10.5 mnt] Loading checkpoint shards:  67%|██████▋   | 2/3 [00:01<00:00,  1.20it/s]
   [10.5 mnt] Loading checkpoint shards: 100%|██████████| 3/3 [00:01<00:00,  1.72it/s]
   [10.5 mnt] trainable params: 33,030,144 || all params: 4,055,498,240 || trainable%: 0.8145
   [10.5 mnt] No label_names provided for model class `PeftModelForCausalLM`. Since `PeftModel` hides base models input arguments, if label_names is not given, label_names can't be set automatically within `Trainer`. Note that empty label_names list will be used instead.
   [10.5 mnt]   0%|          | 0/3 [00:00<?, ?it/s]`generation_config` default values have been modified to match model-specific defaults: {'top_k': 20, 'top_p': 0.8, 'bos_token_id': 151643, 'eos_token_id': [151645, 151643]}. If this is not desired, please set these values explicitly.
   [10.5 mnt] `use_cache=True` is incompatible with gradient checkpointing. Setting `use_cache=False`.
   [10.5 mnt] DynamicCache + torch.export is tested on torch 2.6.0+ and may not work on earlier versions.
   [11.1 mnt] /opt/conda/lib/python3.11/site-packages/torch/utils/checkpoint.py:1399: FutureWarning: `torch.cpu.amp.autocast(args...)` is deprecated. Please use `torch.amp.autocast('cpu', args...)` instead.
   [11.1 mnt]   with device_autocast_ctx, torch.cpu.amp.autocast(**cpu_autocast_kwargs), recompute_context:  # type: ignore[attr-defined]
   [15.8 mnt] {'train_runtime': 307.27, 'train_samples_per_second': 1.25, 'train_steps_per_second': 0.01, 'train_loss': 1.3387762010097504e-06, 'completion_length': 65.94270833333333, 'rewards/ganjaran_perilaku': 0.0, 'rewards/ganjaran_format': 0.0, 'rewards/ganjaran_jujur': -1.280568540096283e-09, 'rewards/ganjaran_isi': 0.0, 'rewards/ganjaran_takUlang': -1.823840041955312e-09, 'reward': 4.268561800320943e-09, 'reward_std': 0.9306723227103552, 'kl': 0.0, 'epoch': 0}
   [15.8 mnt]   0%|          | 0/3 [05:07<?, ?it/s]
   [15.8 mnt]   0%|          | 0/3 [05:07<?, ?it/s]
   [15.8 mnt]    adapter tersimpan: adapter-grpo
   [15.8 mnt]    ganjaran mentah rata-rata (768 rollout): {'perilaku': 0.0, 'format': 1.0, 'jujur': 0.6080729166666666, 'isi': 1.0, 'takUlang': 0.9717713242187505}
   [15.8 mnt]    grup beragam per objektif (A20): perilaku 0/96, format 0/96, jujur 46/96, isi 0/96, takUlang 64/96
   [15.8 mnt]    jujur per jendela: [0.5938, 0.6797, 0.5156, 0.6719, 0.6875, 0.5]
   [15.8 mnt] SELESAI 7.1 mnt
   [32mselesai[0m

## 6. Ambil
   terambil: lora-tool-grpo-waktu.tgz
   terambil: ringkasan-tool-grpo-waktu.json
   terambil: grpo-waktu.log

   langkah 3 · 7.1 mnt · rollout 768
   ganjaran mentah rata-rata: {'perilaku': 0.0, 'format': 1.0, 'jujur': 0.6080729166666666, 'isi': 1.0, 'takUlang': 0.9717713242187505}

## 7. Matikan instance
   instance 49444404 dimatikan
   hidup 18 menit · saldo sekarang $1.38
