[probes_v2] irrelevance=30 over_tool=30 positive_tool=26 reasoning=40
==================================================================
REASONING v3 — migancore:run16-2epoch | 40 probe x 2 temp x N=3
==================================================================
  [t0.2] PASS (3/3) | Hari ini Selasa. 2 hari lagi hari apa?
  [t0.2] FAIL (0/3) | Budi punya 15 permen, dibagikan rata ke 3 temannya s
  [t0.2] PASS (3/3) | Berapa 5% dari 200?
  [t0.2] PASS (3/3) | Kereta melaju 60 km/jam selama 2 jam. Berapa km jara
  [t0.2] PASS (3/3) | Urutkan angka ini dari terkecil ke terbesar: 9, 12, 
  [t0.2] PASS (3/3) | Hitung: 19 + 3 x 4. Tulis hasil akhirnya.
  [t0.2] PASS (3/3) | Urutkan angka ini dari terkecil ke terbesar: 2, 22, 
  [t0.2] PASS (3/3) | Urutkan angka ini dari terkecil ke terbesar: 45, 24,
  [t0.2] PASS (3/3) | Hari ini Rabu. 4 hari lagi hari apa?
  [t0.2] PASS (3/3) | Budi punya 12 permen, dibagi rata untuk 4 orang term
  [t0.2] FAIL (1/3) | Budi punya 15 permen, dibagi rata untuk 3 orang term
  [t0.2] PASS (3/3) | Berapa 5% dari 400?
  [t0.2] PASS (3/3) | Hitung: 12 + 8 x 3. Tulis hasil akhirnya.
  [t0.2] FAIL (1/3) | Hari ini Senin. 4 hari lagi hari apa?
  [t0.2] PASS (3/3) | Jika 4 apel harganya Rp5.000, berapa harga 9 apel? T
  [t0.2] PASS (3/3) | Jika 3 apel harganya Rp12.000, berapa harga 11 apel?
  [t0.2] PASS (3/3) | Hitung: 30 + 7 x 5. Tulis hasil akhirnya.
  [t0.2] PASS (3/3) | Urutkan angka ini dari terkecil ke terbesar: 17, 12,
  [t0.2] PASS (3/3) | Jika 6 apel harganya Rp12.000, berapa harga 7 apel? 
  [t0.2] PASS (3/3) | Urutkan angka ini dari terkecil ke terbesar: 44, 20,
  [t0.2] PASS (3/3) | Urutkan angka ini dari terkecil ke terbesar: 25, 53,
  [t0.2] PASS (3/3) | Sebuah baju Rp150.000 diskon 25%. Berapa harga setel
  [t0.2] PASS (3/3) | Berapa 25% dari 200?
  [t0.2] PASS (3/3) | Sebuah baju Rp150.000 diskon 10%. Berapa harga setel
  [t0.2] PASS (3/3) | Urutkan angka ini dari terkecil ke terbesar: 54, 8, 
  [t0.2] PASS (3/3) | Hari ini Selasa. 6 hari lagi hari apa?
  [t0.2] PASS (3/3) | Sebuah baju Rp120.000 diskon 15%. Berapa harga setel
  [t0.2] PASS (3/3) | Budi punya 20 permen, dibagi rata untuk 5 orang term
  [t0.2] FAIL (0/3) | Budi punya 20 permen, dibagikan rata ke 4 temannya s
  [t0.2] FAIL (0/3) | Budi punya 9 permen, dibagikan rata ke 3 temannya sa
  [t0.2] PASS (3/3) | Urutkan angka ini dari terkecil ke terbesar: 31, 37,
  [t0.2] PASS (3/3) | Hari ini Sabtu. 3 hari lagi hari apa?
  [t0.2] PASS (3/3) | Hitung: 16 + 10 x 2. Tulis hasil akhirnya.
  [t0.2] PASS (3/3) | Budi punya 25 permen, dibagi rata untuk 5 orang term
  [t0.2] PASS (3/3) | Hitung: 28 + 7 x 4. Tulis hasil akhirnya.
  [t0.2] PASS (3/3) | Jika 4 apel harganya Rp9.000, berapa harga 7 apel? T
  [t0.2] PASS (3/3) | Urutkan angka ini dari terkecil ke terbesar: 6, 7, 1
  [t0.2] PASS (3/3) | Sebuah baju Rp150.000 diskon 15%. Berapa harga setel
  [t0.2] PASS (3/3) | Kereta melaju 40 km/jam selama 2,5 jam. Berapa km ja
  [t0.2] PASS (3/3) | Berapa 50% dari 200?
  -> temp 0.2: 35/40 = 0.875
  [t0.7] PASS (3/3) | Hari ini Selasa. 2 hari lagi hari apa?
  [t0.7] FAIL (0/3) | Budi punya 15 permen, dibagikan rata ke 3 temannya s
  [t0.7] PASS (3/3) | Berapa 5% dari 200?
  [t0.7] PASS (3/3) | Kereta melaju 60 km/jam selama 2 jam. Berapa km jara
  [t0.7] PASS (3/3) | Urutkan angka ini dari terkecil ke terbesar: 9, 12, 
  [t0.7] PASS (3/3) | Hitung: 19 + 3 x 4. Tulis hasil akhirnya.
  [t0.7] PASS (3/3) | Urutkan angka ini dari terkecil ke terbesar: 2, 22, 
  [t0.7] PASS (3/3) | Urutkan angka ini dari terkecil ke terbesar: 45, 24,
  [t0.7] PASS (3/3) | Hari ini Rabu. 4 hari lagi hari apa?
  [t0.7] PASS (3/3) | Budi punya 12 permen, dibagi rata untuk 4 orang term
  [t0.7] FAIL (0/3) | Budi punya 15 permen, dibagi rata untuk 3 orang term
  [t0.7] PASS (3/3) | Berapa 5% dari 400?
  [t0.7] PASS (3/3) | Hitung: 12 + 8 x 3. Tulis hasil akhirnya.
  [t0.7] FAIL (0/3) | Hari ini Senin. 4 hari lagi hari apa?
  [t0.7] PASS (3/3) | Jika 4 apel harganya Rp5.000, berapa harga 9 apel? T
  [t0.7] PASS (3/3) | Jika 3 apel harganya Rp12.000, berapa harga 11 apel?
  [t0.7] PASS (3/3) | Hitung: 30 + 7 x 5. Tulis hasil akhirnya.
  [t0.7] PASS (3/3) | Urutkan angka ini dari terkecil ke terbesar: 17, 12,
  [t0.7] PASS (3/3) | Jika 6 apel harganya Rp12.000, berapa harga 7 apel? 
  [t0.7] PASS (3/3) | Urutkan angka ini dari terkecil ke terbesar: 44, 20,
  [t0.7] PASS (3/3) | Urutkan angka ini dari terkecil ke terbesar: 25, 53,
  [t0.7] PASS (3/3) | Sebuah baju Rp150.000 diskon 25%. Berapa harga setel
  [t0.7] PASS (3/3) | Berapa 25% dari 200?
  [t0.7] PASS (3/3) | Sebuah baju Rp150.000 diskon 10%. Berapa harga setel
  [t0.7] PASS (3/3) | Urutkan angka ini dari terkecil ke terbesar: 54, 8, 
  [t0.7] PASS (3/3) | Hari ini Selasa. 6 hari lagi hari apa?
  [t0.7] PASS (3/3) | Sebuah baju Rp120.000 diskon 15%. Berapa harga setel
  [t0.7] PASS (3/3) | Budi punya 20 permen, dibagi rata untuk 5 orang term
  [t0.7] FAIL (0/3) | Budi punya 20 permen, dibagikan rata ke 4 temannya s
  [t0.7] PASS (2/3) | Budi punya 9 permen, dibagikan rata ke 3 temannya sa
  [t0.7] PASS (3/3) | Urutkan angka ini dari terkecil ke terbesar: 31, 37,
  [t0.7] PASS (3/3) | Hari ini Sabtu. 3 hari lagi hari apa?
  [t0.7] PASS (3/3) | Hitung: 16 + 10 x 2. Tulis hasil akhirnya.
  [t0.7] PASS (3/3) | Budi punya 25 permen, dibagi rata untuk 5 orang term
  [t0.7] PASS (3/3) | Hitung: 28 + 7 x 4. Tulis hasil akhirnya.
  [t0.7] PASS (3/3) | Jika 4 apel harganya Rp9.000, berapa harga 7 apel? T
  [t0.7] PASS (3/3) | Urutkan angka ini dari terkecil ke terbesar: 6, 7, 1
  [t0.7] PASS (3/3) | Sebuah baju Rp150.000 diskon 15%. Berapa harga setel
  [t0.7] PASS (3/3) | Kereta melaju 40 km/jam selama 2,5 jam. Berapa km ja
  [t0.7] PASS (3/3) | Berapa 50% dari 200?
  -> temp 0.7: 36/40 = 0.900

reasoning_worst = 0.875  (gate keras >= 0.80)
tersimpan -> ./local-train\eval/reason_v3_run16.json
